Archive member included to satisfy reference by file (symbol)

D:/Program Files/STM32CubeCLT_1.17.0/GNU-tools-for-STM32/bin/../lib/gcc/arm-none-eabi/12.3.1/../../../../arm-none-eabi/lib/thumb/v7e-m+fp/hard\libstdc++.a(atexit_arm.o)
                              CMakeFiles/Lampbot.elf.dir/User/UserLib/dm4310.cpp.obj (__aeabi_atexit)
D:/Program Files/STM32CubeCLT_1.17.0/GNU-tools-for-STM32/bin/../lib/gcc/arm-none-eabi/12.3.1/../../../../arm-none-eabi/lib/thumb/v7e-m+fp/hard\libstdc++.a(class_type_info.o)
                              CMakeFiles/Lampbot.elf.dir/User/UserLib/dm4310.cpp.obj (vtable for __cxxabiv1::__class_type_info)
D:/Program Files/STM32CubeCLT_1.17.0/GNU-tools-for-STM32/bin/../lib/gcc/arm-none-eabi/12.3.1/../../../../arm-none-eabi/lib/thumb/v7e-m+fp/hard\libstdc++.a(del_ops.o)
                              CMakeFiles/Lampbot.elf.dir/User/UserLib/dm4310.cpp.obj (operator delete(void*, unsigned int))
D:/Program Files/STM32CubeCLT_1.17.0/GNU-tools-for-STM32/bin/../lib/gcc/arm-none-eabi/12.3.1/../../../../arm-none-eabi/lib/thumb/v7e-m+fp/hard\libstdc++.a(si_class_type_info.o)
                              CMakeFiles/Lampbot.elf.dir/User/UserLib/dm4310.cpp.obj (vtable for __cxxabiv1::__si_class_type_info)
D:/Program Files/STM32CubeCLT_1.17.0/GNU-tools-for-STM32/bin/../lib/gcc/arm-none-eabi/12.3.1/../../../../arm-none-eabi/lib/thumb/v7e-m+fp/hard\libstdc++.a(tinfo.o)
                              D:/Program Files/STM32CubeCLT_1.17.0/GNU-tools-for-STM32/bin/../lib/gcc/arm-none-eabi/12.3.1/../../../../arm-none-eabi/lib/thumb/v7e-m+fp/hard\libstdc++.a(class_type_info.o) (std::type_info::~type_info())
D:/Program Files/STM32CubeCLT_1.17.0/GNU-tools-for-STM32/bin/../lib/gcc/arm-none-eabi/12.3.1/../../../../arm-none-eabi/lib/thumb/v7e-m+fp/hard\libstdc++.a(del_op.o)
                              D:/Program Files/STM32CubeCLT_1.17.0/GNU-tools-for-STM32/bin/../lib/gcc/arm-none-eabi/12.3.1/../../../../arm-none-eabi/lib/thumb/v7e-m+fp/hard\libstdc++.a(del_ops.o) (operator delete(void*))
D:/Program Files/STM32CubeCLT_1.17.0/GNU-tools-for-STM32/bin/../lib/gcc/arm-none-eabi/12.3.1/../../../../arm-none-eabi/lib/thumb/v7e-m+fp/hard\libm.a(libm_a-s_sin.o)
                              CMakeFiles/Lampbot.elf.dir/User/UserTask/task_usb.cpp.obj (sin)
D:/Program Files/STM32CubeCLT_1.17.0/GNU-tools-for-STM32/bin/../lib/gcc/arm-none-eabi/12.3.1/../../../../arm-none-eabi/lib/thumb/v7e-m+fp/hard\libm.a(libm_a-k_cos.o)
                              D:/Program Files/STM32CubeCLT_1.17.0/GNU-tools-for-STM32/bin/../lib/gcc/arm-none-eabi/12.3.1/../../../../arm-none-eabi/lib/thumb/v7e-m+fp/hard\libm.a(libm_a-s_sin.o) (__kernel_cos)
D:/Program Files/STM32CubeCLT_1.17.0/GNU-tools-for-STM32/bin/../lib/gcc/arm-none-eabi/12.3.1/../../../../arm-none-eabi/lib/thumb/v7e-m+fp/hard\libm.a(libm_a-k_sin.o)
                              D:/Program Files/STM32CubeCLT_1.17.0/GNU-tools-for-STM32/bin/../lib/gcc/arm-none-eabi/12.3.1/../../../../arm-none-eabi/lib/thumb/v7e-m+fp/hard\libm.a(libm_a-s_sin.o) (__kernel_sin)
D:/Program Files/STM32CubeCLT_1.17.0/GNU-tools-for-STM32/bin/../lib/gcc/arm-none-eabi/12.3.1/../../../../arm-none-eabi/lib/thumb/v7e-m+fp/hard\libm.a(libm_a-e_rem_pio2.o)
                              D:/Program Files/STM32CubeCLT_1.17.0/GNU-tools-for-STM32/bin/../lib/gcc/arm-none-eabi/12.3.1/../../../../arm-none-eabi/lib/thumb/v7e-m+fp/hard\libm.a(libm_a-s_sin.o) (__ieee754_rem_pio2)
D:/Program Files/STM32CubeCLT_1.17.0/GNU-tools-for-STM32/bin/../lib/gcc/arm-none-eabi/12.3.1/../../../../arm-none-eabi/lib/thumb/v7e-m+fp/hard\libm.a(libm_a-s_fabs.o)
                              D:/Program Files/STM32CubeCLT_1.17.0/GNU-tools-for-STM32/bin/../lib/gcc/arm-none-eabi/12.3.1/../../../../arm-none-eabi/lib/thumb/v7e-m+fp/hard\libm.a(libm_a-e_rem_pio2.o) (fabs)
D:/Program Files/STM32CubeCLT_1.17.0/GNU-tools-for-STM32/bin/../lib/gcc/arm-none-eabi/12.3.1/../../../../arm-none-eabi/lib/thumb/v7e-m+fp/hard\libm.a(libm_a-k_rem_pio2.o)
                              D:/Program Files/STM32CubeCLT_1.17.0/GNU-tools-for-STM32/bin/../lib/gcc/arm-none-eabi/12.3.1/../../../../arm-none-eabi/lib/thumb/v7e-m+fp/hard\libm.a(libm_a-e_rem_pio2.o) (__kernel_rem_pio2)
D:/Program Files/STM32CubeCLT_1.17.0/GNU-tools-for-STM32/bin/../lib/gcc/arm-none-eabi/12.3.1/../../../../arm-none-eabi/lib/thumb/v7e-m+fp/hard\libm.a(libm_a-s_scalbn.o)
                              D:/Program Files/STM32CubeCLT_1.17.0/GNU-tools-for-STM32/bin/../lib/gcc/arm-none-eabi/12.3.1/../../../../arm-none-eabi/lib/thumb/v7e-m+fp/hard\libm.a(libm_a-k_rem_pio2.o) (scalbn)
D:/Program Files/STM32CubeCLT_1.17.0/GNU-tools-for-STM32/bin/../lib/gcc/arm-none-eabi/12.3.1/../../../../arm-none-eabi/lib/thumb/v7e-m+fp/hard\libm.a(libm_a-s_floor.o)
                              D:/Program Files/STM32CubeCLT_1.17.0/GNU-tools-for-STM32/bin/../lib/gcc/arm-none-eabi/12.3.1/../../../../arm-none-eabi/lib/thumb/v7e-m+fp/hard\libm.a(libm_a-k_rem_pio2.o) (floor)
[...]
Memory Configuration

Name             Origin             Length             Attributes
CCMRAM           0x10000000         0x00010000         xrw
RAM              0x20000000         0x00020000         xrw
FLASH            0x08000000         0x00100000         xr
*default*        0x00000000         0xffffffff

Linker script and memory map

LOAD D:/Program Files/STM32CubeCLT_1.17.0/GNU-tools-for-STM32/bin/../lib/gcc/arm-none-eabi/12.3.1/thumb/v7e-m+fp/hard/crti.o
LOAD D:/Program Files/STM32CubeCLT_1.17.0/GNU-tools-for-STM32/bin/../lib/gcc/arm-none-eabi/12.3.1/thumb/v7e-m+fp/hard/crtbegin.o
LOAD D:/Program Files/STM32CubeCLT_1.17.0/GNU-tools-for-STM32/bin/../lib/gcc/arm-none-eabi/12.3.1/../../../../arm-none-eabi/lib/thumb/v7e-m+fp/hard/crt0.o
LOAD CMakeFiles/Lampbot.elf.dir/Core/Src/can.c.obj
LOAD CMakeFiles/Lampbot.elf.dir/Core/Src/dma.c.obj
LOAD CMakeFiles/Lampbot.elf.dir/Core/Src/freertos.c.obj
LOAD CMakeFiles/Lampbot.elf.dir/Core/Src/gpio.c.obj
LOAD CMakeFiles/Lampbot.elf.dir/Core/Src/main.c.obj
LOAD CMakeFiles/Lampbot.elf.dir/Core/Src/stm32f4xx_hal_msp.c.obj
LOAD CMakeFiles/Lampbot.elf.dir/Core/Src/stm32f4xx_hal_timebase_tim.c.obj
LOAD CMakeFiles/Lampbot.elf.dir/Core/Src/stm32f4xx_it.c.obj
LOAD CMakeFiles/Lampbot.elf.dir/Core/Src/syscalls.c.obj
LOAD CMakeFiles/Lampbot.elf.dir/Core/Src/sysmem.c.obj
LOAD CMakeFiles/Lampbot.elf.dir/Core/Src/system_stm32f4xx.c.obj
LOAD CMakeFiles/Lampbot.elf.dir/Core/Src/usart.c.obj
LOAD CMakeFiles/Lampbot.elf.dir/Core/Startup/startup_stm32f407ighx.s.obj
LOAD CMakeFiles/Lampbot.elf.dir/Drivers/STM32F4xx_HAL_Driver/Src/stm32f4xx_hal.c.obj
LOAD CMakeFiles/Lampbot.elf.dir/Drivers/STM32F4xx_HAL_Driver/Src/stm32f4xx_hal_can.c.obj
LOAD CMakeFiles/Lampbot.elf.dir/Drivers/STM32F4xx_HAL_Driver/Src/stm32f4xx_hal_cortex.c.obj
LOAD CMakeFiles/Lampbot.elf.dir/Drivers/STM32F4xx_HAL_Driver/Src/stm32f4xx_hal_dma.c.obj
LOAD CMakeFiles/Lampbot.elf.dir/Drivers/STM32F4xx_HAL_Driver/Src/stm32f4xx_hal_dma_ex.c.obj
LOAD CMakeFiles/Lampbot.elf.dir/Drivers/STM32F4xx_HAL_Driver/Src/stm32f4xx_hal_exti.c.obj
LOAD CMakeFiles/Lampbot.elf.dir/Drivers/STM32F4xx_HAL_Driver/Src/stm32f4xx_hal_flash.c.obj
LOAD CMakeFiles/Lampbot.elf.dir/Drivers/STM32F4xx_HAL_Driver/Src/stm32f4xx_hal_flash_ex.c.obj
LOAD CMakeFiles/Lampbot.elf.dir/Drivers/STM32F4xx_HAL_Driver/Src/stm32f4xx_hal_flash_ramfunc.c.obj
LOAD CMakeFiles/Lampbot.elf.dir/Drivers/STM32F4xx_HAL_Driver/Src/stm32f4xx_hal_gpio.c.obj
LOAD CMakeFiles/Lampbot.elf.dir/Drivers/STM32F4xx_HAL_Driver/Src/stm32f4xx_hal_pcd.c.obj
LOAD CMakeFiles/Lampbot.elf.dir/Drivers/STM32F4xx_HAL_Driver/Src/stm32f4xx_hal_pcd_ex.c.obj
LOAD CMakeFiles/Lampbot.elf.dir/Drivers/STM32F4xx_HAL_Driver/Src/stm32f4xx_hal_pwr.c.obj
LOAD CMakeFiles/Lampbot.elf.dir/Drivers/STM32F4xx_HAL_Driver/Src/stm32f4xx_hal_pwr_ex.c.obj
LOAD CMakeFiles/Lampbot.elf.dir/Drivers/STM32F4xx_HAL_Driver/Src/stm32f4xx_hal_rcc.c.obj
LOAD CMakeFiles/Lampbot.elf.dir/Drivers/STM32F4xx_HAL_Driver/Src/stm32f4xx_hal_rcc_ex.c.obj
LOAD CMakeFiles/Lampbot.elf.dir/Drivers/STM32F4xx_HAL_Driver/Src/stm32f4xx_hal_tim.c.obj
LOAD CMakeFiles/Lampbot.elf.dir/Drivers/STM32F4xx_HAL_Driver/Src/stm32f4xx_hal_tim_ex.c.obj
LOAD CMakeFiles/Lampbot.elf.dir/Drivers/STM32F4xx_HAL_Driver/Src/stm32f4xx_hal_uart.c.obj
LOAD CMakeFiles/Lampbot.elf.dir/Drivers/STM32F4xx_HAL_Driver/Src/stm32f4xx_ll_usb.c.obj
LOAD CMakeFiles/Lampbot.elf.dir/Middlewares/ST/STM32_USB_Device_Library/Class/CDC/Src/usbd_cdc.c.obj
LOAD CMakeFiles/Lampbot.elf.dir/Middlewares/ST/STM32_USB_Device_Library/Core/Src/usbd_core.c.obj
LOAD CMakeFiles/Lampbot.elf.dir/Middlewares/ST/STM32_USB_Device_Library/Core/Src/usbd_ctlreq.c.obj
LOAD CMakeFiles/Lampbot.elf.dir/Middlewares/ST/STM32_USB_Device_Library/Core/Src/usbd_ioreq.c.obj
LOAD CMakeFiles/Lampbot.elf.dir/Middlewares/Third_Party/FreeRTOS/Source/CMSIS_RTOS/cmsis_os.c.obj
LOAD CMakeFiles/Lampbot.elf.dir/Middlewares/Third_Party/FreeRTOS/Source/croutine.c.obj
LOAD CMakeFiles/Lampbot.elf.dir/Middlewares/Third_Party/FreeRTOS/Source/event_groups.c.obj
LOAD CMakeFiles/Lampbot.elf.dir/Middlewares/Third_Party/FreeRTOS/Source/list.c.obj
LOAD CMakeFiles/Lampbot.elf.dir/Middlewares/Third_Party/FreeRTOS/Source/portable/GCC/ARM_CM4F/port.c.obj
LOAD CMakeFiles/Lampbot.elf.dir/Middlewares/Third_Party/FreeRTOS/Source/portable/MemMang/heap_4.c.obj
LOAD CMakeFiles/Lampbot.elf.dir/Middlewares/Third_Party/FreeRTOS/Source/queue.c.obj
LOAD CMakeFiles/Lampbot.elf.dir/Middlewares/Third_Party/FreeRTOS/Source/stream_buffer.c.obj
LOAD CMakeFiles/Lampbot.elf.dir/Middlewares/Third_Party/FreeRTOS/Source/tasks.c.obj
LOAD CMakeFiles/Lampbot.elf.dir/Middlewares/Third_Party/FreeRTOS/Source/timers.c.obj
LOAD CMakeFiles/Lampbot.elf.dir/USB_DEVICE/App/usb_device.c.obj
LOAD CMakeFiles/Lampbot.elf.dir/USB_DEVICE/App/usbd_cdc_if.c.obj
LOAD CMakeFiles/Lampbot.elf.dir/USB_DEVICE/App/usbd_desc.c.obj
LOAD CMakeFiles/Lampbot.elf.dir/USB_DEVICE/Target/usbd_conf.c.obj
LOAD CMakeFiles/Lampbot.elf.dir/User/UserLib/PID.cpp.obj
LOAD CMakeFiles/Lampbot.elf.dir/User/UserLib/can_base.cpp.obj
LOAD CMakeFiles/Lampbot.elf.dir/User/UserLib/dm4310.cpp.obj
LOAD CMakeFiles/Lampbot.elf.dir/User/UserLib/light.cpp.obj
LOAD CMakeFiles/Lampbot.elf.dir/User/UserLib/m2006.cpp.obj
LOAD CMakeFiles/Lampbot.elf.dir/User/UserLib/uart_base.cpp.obj
LOAD CMakeFiles/Lampbot.elf.dir/User/UserLib/uart_remote.cpp.obj
LOAD CMakeFiles/Lampbot.elf.dir/User/UserLib/usb.cpp.obj
LOAD CMakeFiles/Lampbot.elf.dir/User/UserTask/task_debug.cpp.obj
LOAD CMakeFiles/Lampbot.elf.dir/User/UserTask/task_m2006.cpp.obj
LOAD CMakeFiles/Lampbot.elf.dir/User/UserTask/task_motor.cpp.obj
LOAD CMakeFiles/Lampbot.elf.dir/User/UserTask/task_usb.cpp.obj
LOAD D:/Program Files/STM32CubeCLT_1.17.0/GNU-tools-for-STM32/bin/../lib/gcc/arm-none-eabi/12.3.1/../../../../arm-none-eabi/lib/thumb/v7e-m+fp/hard\libstdc++.a
LOAD D:/Program Files/STM32CubeCLT_1.17.0/GNU-tools-for-STM32/bin/../lib/gcc/arm-none-eabi/12.3.1/../../../../arm-none-eabi/lib/thumb/v7e-m+fp/hard\libm.a
START GROUP
LOAD D:/Program Files/STM32CubeCLT_1.17.0/GNU-tools-for-STM32/bin/../lib/gcc/arm-none-eabi/12.3.1/thumb/v7e-m+fp/hard\libgcc.a
LOAD D:/Program Files/STM32CubeCLT_1.17.0/GNU-tools-for-STM32/bin/../lib/gcc/arm-none-eabi/12.3.1/../../../../arm-none-eabi/lib/thumb/v7e-m+fp/hard\libg.a
LOAD D:/Program Files/STM32CubeCLT_1.17.0/GNU-tools-for-STM32/bin/../lib/gcc/arm-none-eabi/12.3.1/../../../../arm-none-eabi/lib/thumb/v7e-m+fp/hard\libc.a
END GROUP
LOAD D:/Program Files/STM32CubeCLT_1.17.0/GNU-tools-for-STM32/bin/../lib/gcc/arm-none-eabi/12.3.1/thumb/v7e-m+fp/hard/crtend.o
LOAD D:/Program Files/STM32CubeCLT_1.17.0/GNU-tools-for-STM32/bin/../lib/gcc/arm-none-eabi/12.3.1/thumb/v7e-m+fp/hard/crtn.o
                0x20020000                        _estack = (ORIGIN (RAM) + LENGTH (RAM))
                0x00000400                        _Min_Heap_Size = 0x400
                0x00002000                        _Min_Stack_Size = 0x2000

.isr_vector     0x08000000      0x188
                0x08000000                        . = ALIGN (0x4)
 *(.isr_vector)
 .isr_vector    0x08000000      0x188 CMakeFiles/Lampbot.elf.dir/Core/Startup/startup_stm32f407ighx.s.obj
                0x08000000                g_pfnVectors
                0x08000188                        . = ALIGN (0x4)

.text           0x08000190     0xb840
                0x08000190                        . = ALIGN (0x4)
 *(.text)
 .text          0x08000190       0x40 D:/Program Files/STM32CubeCLT_1.17.0/GNU-tools-for-STM32/bin/../lib/gcc/arm-none-eabi/12.3.1/thumb/v7e-m+fp/hard/crtbegin.o
 .text          0x080001d0      0x378 D:/Program Files/STM32CubeCLT_1.17.0/GNU-tools-for-STM32/bin/../lib/gcc/arm-none-eabi/12.3.1/thumb/v7e-m+fp/hard\libgcc.a(_arm_addsubdf3.o)
                0x080001d0                __aeabi_drsub
                0x080001d8                __aeabi_dsub
                0x080001d8                __subdf3
                0x080001dc                __aeabi_dadd
                0x080001dc                __adddf3
                0x08000454                __floatunsidf
                0x08000454                __aeabi_ui2d
                0x08000474                __floatsidf
                0x08000474                __aeabi_i2d
                0x08000498                __aeabi_f2d
                0x08000498                __extendsfdf2
                0x080004dc                __floatundidf
                0x080004dc                __aeabi_ul2d
                0x080004ec                __floatdidf
                0x080004ec                __aeabi_l2d
 .text          0x08000548      0x424 D:/Program Files/STM32CubeCLT_1.17.0/GNU-tools-for-STM32/bin/../lib/gcc/arm-none-eabi/12.3.1/thumb/v7e-m+fp/hard\libgcc.a(_arm_muldivdf3.o)
                0x08000548                __aeabi_dmul
                0x08000548                __muldf3
                0x0800079c                __divdf3
                0x0800079c                __aeabi_ddiv
 .text          0x0800096c      0x110 D:/Program Files/STM32CubeCLT_1.17.0/GNU-tools-for-STM32/bin/../lib/gcc/arm-none-eabi/12.3.1/thumb/v7e-m+fp/hard\libgcc.a(_arm_cmpdf2.o)
                0x0800096c                __gtdf2
                0x0800096c                __gedf2
                0x08000974                __ltdf2
                0x08000974                __ledf2
                0x0800097c                __nedf2
                0x0800097c                __eqdf2
                0x0800097c                __cmpdf2
                0x080009f8                __aeabi_cdrcmple
                0x08000a08                __aeabi_cdcmpeq
                0x08000a08                __aeabi_cdcmple
                0x08000a18                __aeabi_dcmpeq
                0x08000a2c                __aeabi_dcmplt
                0x08000a40                __aeabi_dcmple
                0x08000a54                __aeabi_dcmpge
                0x08000a68                __aeabi_dcmpgt
 .text          0x08000a7c       0x50 D:/Program Files/STM32CubeCLT_1.17.0/GNU-tools-for-STM32/bin/../lib/gcc/arm-none-eabi/12.3.1/thumb/v7e-m+fp/hard\libgcc.a(_arm_fixdfsi.o)
                0x08000a7c                __aeabi_d2iz
                0x08000a7c                __fixdfsi
 .text          0x08000acc       0xa0 D:/Program Files/STM32CubeCLT_1.17.0/GNU-tools-for-STM32/bin/../lib/gcc/arm-none-eabi/12.3.1/thumb/v7e-m+fp/hard\libgcc.a(_arm_truncdfsf2.o)
                0x08000acc                __truncdfsf2
                0x08000acc                __aeabi_d2f
 .text          0x08000b6c       0x30 D:/Program Files/STM32CubeCLT_1.17.0/GNU-tools-for-STM32/bin/../lib/gcc/arm-none-eabi/12.3.1/thumb/v7e-m+fp/hard\libgcc.a(_aeabi_uldivmod.o)
                0x08000b6c                __aeabi_uldivmod
 .text          0x08000b9c      0x2bc D:/Program Files/STM32CubeCLT_1.17.0/GNU-tools-for-STM32/bin/../lib/gcc/arm-none-eabi/12.3.1/thumb/v7e-m+fp/hard\libgcc.a(_udivmoddi4.o)
                0x08000b9c                __udivmoddi4
 .text          0x08000e58      0x9f4 D:/Program Files/STM32CubeCLT_1.17.0/GNU-tools-for-STM32/bin/../lib/gcc/arm-none-eabi/12.3.1/thumb/v7e-m+fp/hard\libgcc.a(unwind-arm.o)
                0x08001108                _Unwind_GetCFA
                0x0800110c                __gnu_Unwind_RaiseException
                0x08001174                __gnu_Unwind_ForcedUnwind
                0x08001184                __gnu_Unwind_Resume
                0x080011c8                __gnu_Unwind_Resume_or_Rethrow
                0x080011d8                _Unwind_Complete
                0x080011dc                _Unwind_DeleteException
                0x080011e8                _Unwind_VRS_Get
                0x08001234                _Unwind_VRS_Set
                0x0800127c                __gnu_Unwind_Backtrace
                0x08001598                __aeabi_unwind_cpp_pr0
                0x0800159c                __aeabi_unwind_cpp_pr1
                0x080015a0                __aeabi_unwind_cpp_pr2
                0x080015a4                _Unwind_VRS_Pop
 .text          0x0800184c      0x1ac D:/Program Files/STM32CubeCLT_1.17.0/GNU-tools-for-STM32/bin/../lib/gcc/arm-none-eabi/12.3.1/thumb/v7e-m+fp/hard\libgcc.a(libunwind.o)
                0x0800184c                __restore_core_regs
                0x0800184c                restore_core_regs
                0x08001864                __gnu_Unwind_Restore_VFP
                0x0800186c                __gnu_Unwind_Save_VFP
                0x08001874                __gnu_Unwind_Restore_VFP_D
                0x0800187c                __gnu_Unwind_Save_VFP_D
                0x08001884                __gnu_Unwind_Restore_VFP_D_16_to_31
                0x0800188c                __gnu_Unwind_Save_VFP_D_16_to_31
                0x08001894                __gnu_Unwind_Restore_WMMXD
                0x080018d8                __gnu_Unwind_Save_WMMXD
                0x0800191c                __gnu_Unwind_Restore_WMMXC
                0x08001930                __gnu_Unwind_Save_WMMXC
                0x08001944                ___Unwind_RaiseException
                0x08001944                _Unwind_RaiseException
                0x08001968                _Unwind_Resume
                0x08001968                ___Unwind_Resume
                0x0800198c                _Unwind_Resume_or_Rethrow
                0x0800198c                ___Unwind_Resume_or_Rethrow
                0x080019b0                _Unwind_ForcedUnwind
                0x080019b0                ___Unwind_ForcedUnwind
                0x080019d4                ___Unwind_Backtrace
                0x080019d4                _Unwind_Backtrace
 .text          0x080019f8      0x378 D:/Program Files/STM32CubeCLT_1.17.0/GNU-tools-for-STM32/bin/../lib/gcc/arm-none-eabi/12.3.1/thumb/v7e-m+fp/hard\libgcc.a(pr-support.o)
                0x08001a50                __gnu_unwind_execute
                0x08001d24                __gnu_unwind_frame
                0x08001d50                _Unwind_GetRegionStart
                0x08001d5c                _Unwind_GetLanguageSpecificData
 .text          0x08001d70        0x4 D:/Program Files/STM32CubeCLT_1.17.0/GNU-tools-for-STM32/bin/../lib/gcc/arm-none-eabi/12.3.1/thumb/v7e-m+fp/hard\libgcc.a(_dvmd_tls.o)
                0x08001d70                __aeabi_idiv0
                0x08001d70                __aeabi_ldiv0
 .text          0x08001d74       0x14 D:/Program Files/STM32CubeCLT_1.17.0/GNU-tools-for-STM32/bin/../lib/gcc/arm-none-eabi/12.3.1/../../../../arm-none-eabi/lib/thumb/v7e-m+fp/hard\libg.a(libc_a-strcmp.o)
                0x08001d74                strcmp
 *(.text*)
 .text.MX_CAN1_Init
                0x08001d88       0x44 CMakeFiles/Lampbot.elf.dir/Core/Src/can.c.obj
                0x08001d88                MX_CAN1_Init
 .text.MX_CAN2_Init
                0x08001dcc       0x44 CMakeFiles/Lampbot.elf.dir/Core/Src/can.c.obj
                0x08001dcc                MX_CAN2_Init
 .text.HAL_CAN_MspInit
                0x08001e10      0x120 CMakeFiles/Lampbot.elf.dir/Core/Src/can.c.obj
                0x08001e10                HAL_CAN_MspInit
 .text.MX_DMA_Init
                0x08001f30       0x58 CMakeFiles/Lampbot.elf.dir/Core/Src/dma.c.obj
                0x08001f30                MX_DMA_Init
 .text.vApplicationGetIdleTaskMemory
                0x08001f88       0x18 CMakeFiles/Lampbot.elf.dir/Core/Src/freertos.c.obj
                0x08001f88                vApplicationGetIdleTaskMemory
 .text.MX_FREERTOS_Init
                0x08001fa0       0xac CMakeFiles/Lampbot.elf.dir/Core/Src/freertos.c.obj
                0x08001fa0                MX_FREERTOS_Init
 .text.MX_GPIO_Init
                0x0800204c       0xc4 CMakeFiles/Lampbot.elf.dir/Core/Src/gpio.c.obj
                0x0800204c                MX_GPIO_Init
 .text.HAL_TIM_PeriodElapsedCallback
                0x08002110       0x18 CMakeFiles/Lampbot.elf.dir/Core/Src/main.c.obj
                0x08002110                HAL_TIM_PeriodElapsedCallback
 .text.Error_Handler
                0x08002128        0x4 CMakeFiles/Lampbot.elf.dir/Core/Src/main.c.obj
                0x08002128                Error_Handler
 .text.SystemClock_Config
                0x0800212c       0xa8 CMakeFiles/Lampbot.elf.dir/Core/Src/main.c.obj
                0x0800212c                SystemClock_Config
 .text.main     0x080021d4       0x2c CMakeFiles/Lampbot.elf.dir/Core/Src/main.c.obj
                0x080021d4                main
 .text.HAL_MspInit
                0x08002200       0x44 CMakeFiles/Lampbot.elf.dir/Core/Src/stm32f4xx_hal_msp.c.obj
                0x08002200                HAL_MspInit
 .text.HAL_InitTick
                0x08002244       0xa4 CMakeFiles/Lampbot.elf.dir/Core/Src/stm32f4xx_hal_timebase_tim.c.obj
                0x08002244                HAL_InitTick
 .text.NMI_Handler
                0x080022e8        0x2 CMakeFiles/Lampbot.elf.dir/Core/Src/stm32f4xx_it.c.obj
                0x080022e8                NMI_Handler
 .text.HardFault_Handler
                0x080022ea        0x2 CMakeFiles/Lampbot.elf.dir/Core/Src/stm32f4xx_it.c.obj
                0x080022ea                HardFault_Handler
 .text.MemManage_Handler
                0x080022ec        0x2 CMakeFiles/Lampbot.elf.dir/Core/Src/stm32f4xx_it.c.obj
                0x080022ec                MemManage_Handler
 .text.BusFault_Handler
                0x080022ee        0x2 CMakeFiles/Lampbot.elf.dir/Core/Src/stm32f4xx_it.c.obj
                0x080022ee                BusFault_Handler
 .text.UsageFault_Handler
                0x080022f0        0x2 CMakeFiles/Lampbot.elf.dir/Core/Src/stm32f4xx_it.c.obj
                0x080022f0                UsageFault_Handler
 .text.DebugMon_Handler
                0x080022f2        0x2 CMakeFiles/Lampbot.elf.dir/Core/Src/stm32f4xx_it.c.obj
                0x080022f2                DebugMon_Handler
 .text.DMA1_Stream1_IRQHandler
                0x080022f4       0x10 CMakeFiles/Lampbot.elf.dir/Core/Src/stm32f4xx_it.c.obj
                0x080022f4                DMA1_Stream1_IRQHandler
 .text.CAN1_RX0_IRQHandler
                0x08002304       0x10 CMakeFiles/Lampbot.elf.dir/Core/Src/stm32f4xx_it.c.obj
                0x08002304                CAN1_RX0_IRQHandler
 .text.USART3_IRQHandler
                0x08002314       0x10 CMakeFiles/Lampbot.elf.dir/Core/Src/stm32f4xx_it.c.obj
                0x08002314                USART3_IRQHandler
 .text.TIM8_TRG_COM_TIM14_IRQHandler
                0x08002324       0x10 CMakeFiles/Lampbot.elf.dir/Core/Src/stm32f4xx_it.c.obj
                0x08002324                TIM8_TRG_COM_TIM14_IRQHandler
 .text.DMA2_Stream1_IRQHandler
                0x08002334       0x10 CMakeFiles/Lampbot.elf.dir/Core/Src/stm32f4xx_it.c.obj
                0x08002334                DMA2_Stream1_IRQHandler
 .text.CAN2_RX1_IRQHandler
                0x08002344       0x10 CMakeFiles/Lampbot.elf.dir/Core/Src/stm32f4xx_it.c.obj
                0x08002344                CAN2_RX1_IRQHandler
 .text.OTG_FS_IRQHandler
                0x08002354       0x10 CMakeFiles/Lampbot.elf.dir/Core/Src/stm32f4xx_it.c.obj
                0x08002354                OTG_FS_IRQHandler
 .text.USART6_IRQHandler
                0x08002364       0x10 CMakeFiles/Lampbot.elf.dir/Core/Src/stm32f4xx_it.c.obj
                0x08002364                USART6_IRQHandler
 .text._getpid  0x08002374        0x4 CMakeFiles/Lampbot.elf.dir/Core/Src/syscalls.c.obj
                0x08002374                _getpid
 .text._kill    0x08002378       0x10 CMakeFiles/Lampbot.elf.dir/Core/Src/syscalls.c.obj
                0x08002378                _kill
 .text._exit    0x08002388        0xc CMakeFiles/Lampbot.elf.dir/Core/Src/syscalls.c.obj
                0x08002388                _exit
 .text._sbrk    0x08002394       0x48 CMakeFiles/Lampbot.elf.dir/Core/Src/sysmem.c.obj
                0x08002394                _sbrk
 .text.SystemInit
                0x080023dc       0x14 CMakeFiles/Lampbot.elf.dir/Core/Src/system_stm32f4xx.c.obj
                0x080023dc                SystemInit
 .text.MX_USART3_UART_Init
                0x080023f0       0x40 CMakeFiles/Lampbot.elf.dir/Core/Src/usart.c.obj
                0x080023f0                MX_USART3_UART_Init
 .text.MX_USART6_UART_Init
                0x08002430       0x34 CMakeFiles/Lampbot.elf.dir/Core/Src/usart.c.obj
                0x08002430                MX_USART6_UART_Init
 .text.HAL_UART_MspInit
                0x08002464      0x16c CMakeFiles/Lampbot.elf.dir/Core/Src/usart.c.obj
                0x08002464                HAL_UART_MspInit
 .text.Reset_Handler
                0x080025d0       0x50 CMakeFiles/Lampbot.elf.dir/Core/Startup/startup_stm32f407ighx.s.obj
                0x080025d0                Reset_Handler
 .text.Default_Handler
                0x08002620        0x2 CMakeFiles/Lampbot.elf.dir/Core/Startup/startup_stm32f407ighx.s.obj
                0x08002620                RTC_Alarm_IRQHandler
                0x08002620                HASH_RNG_IRQHandler
                0x08002620                EXTI2_IRQHandler
                0x08002620                TIM8_CC_IRQHandler
                0x08002620                TIM1_CC_IRQHandler
                0x08002620                DMA2_Stream5_IRQHandler
                0x08002620                DMA1_Stream5_IRQHandler
                0x08002620                PVD_IRQHandler
                0x08002620                SDIO_IRQHandler
                0x08002620                TAMP_STAMP_IRQHandler
                0x08002620                EXTI3_IRQHandler
                0x08002620                TIM1_UP_TIM10_IRQHandler
                0x08002620                TIM8_UP_TIM13_IRQHandler
                0x08002620                I2C3_ER_IRQHandler
                0x08002620                EXTI0_IRQHandler
                0x08002620                I2C2_EV_IRQHandler
                0x08002620                DMA1_Stream2_IRQHandler
                0x08002620                FPU_IRQHandler
                0x08002620                OTG_HS_WKUP_IRQHandler
                0x08002620                CAN2_SCE_IRQHandler
                0x08002620                DMA2_Stream2_IRQHandler
                0x08002620                SPI1_IRQHandler
                0x08002620                TIM6_DAC_IRQHandler
                0x08002620                TIM1_BRK_TIM9_IRQHandler
                0x08002620                DCMI_IRQHandler
                0x08002620                CAN2_RX0_IRQHandler
                0x08002620                DMA2_Stream3_IRQHandler
                0x08002620                CAN1_RX1_IRQHandler
                0x08002620                UART5_IRQHandler
                0x08002620                DMA2_Stream0_IRQHandler
                0x08002620                TIM4_IRQHandler
                0x08002620                I2C1_EV_IRQHandler
                0x08002620                DMA1_Stream6_IRQHandler
                0x08002620                UART4_IRQHandler
                0x08002620                TIM3_IRQHandler
                0x08002620                RCC_IRQHandler
                0x08002620                TIM8_BRK_TIM12_IRQHandler
                0x08002620                Default_Handler
                0x08002620                EXTI15_10_IRQHandler
                0x08002620                ADC_IRQHandler
                0x08002620                DMA1_Stream7_IRQHandler
                0x08002620                TIM7_IRQHandler
                0x08002620                CAN2_TX_IRQHandler
                0x08002620                TIM5_IRQHandler
                0x08002620                DMA2_Stream7_IRQHandler
                0x08002620                I2C3_EV_IRQHandler
                0x08002620                EXTI9_5_IRQHandler
                0x08002620                RTC_WKUP_IRQHandler
                0x08002620                ETH_WKUP_IRQHandler
                0x08002620                SPI2_IRQHandler
                0x08002620                OTG_HS_EP1_IN_IRQHandler
                0x08002620                DMA1_Stream0_IRQHandler
                0x08002620                CAN1_TX_IRQHandler
                0x08002620                EXTI4_IRQHandler
                0x08002620                FSMC_IRQHandler
                0x08002620                ETH_IRQHandler
                0x08002620                OTG_HS_EP1_OUT_IRQHandler
                0x08002620                WWDG_IRQHandler
                0x08002620                TIM2_IRQHandler
                0x08002620                OTG_FS_WKUP_IRQHandler
                0x08002620                TIM1_TRG_COM_TIM11_IRQHandler
                0x08002620                OTG_HS_IRQHandler
                0x08002620                EXTI1_IRQHandler
                0x08002620                USART2_IRQHandler
                0x08002620                I2C2_ER_IRQHandler
                0x08002620                CAN1_SCE_IRQHandler
                0x08002620                FLASH_IRQHandler
                0x08002620                DMA2_Stream4_IRQHandler
                0x08002620                USART1_IRQHandler
                0x08002620                SPI3_IRQHandler
                0x08002620                DMA1_Stream4_IRQHandler
                0x08002620                I2C1_ER_IRQHandler
                0x08002620                DMA2_Stream6_IRQHandler
                0x08002620                DMA1_Stream3_IRQHandler
 *fill*         0x08002622        0x2 
 .text.HAL_Init
                0x08002624       0x34 CMakeFiles/Lampbot.elf.dir/Drivers/STM32F4xx_HAL_Driver/Src/stm32f4xx_hal.c.obj
                0x08002624                HAL_Init
 .text.HAL_IncTick
                0x08002658       0x18 CMakeFiles/Lampbot.elf.dir/Drivers/STM32F4xx_HAL_Driver/Src/stm32f4xx_hal.c.obj
                0x08002658                HAL_IncTick
 .text.HAL_GetTick
                0x08002670        0xc CMakeFiles/Lampbot.elf.dir/Drivers/STM32F4xx_HAL_Driver/Src/stm32f4xx_hal.c.obj
                0x08002670                HAL_GetTick
 .text.HAL_Delay
                0x0800267c       0x28 CMakeFiles/Lampbot.elf.dir/Drivers/STM32F4xx_HAL_Driver/Src/stm32f4xx_hal.c.obj
                0x0800267c                HAL_Delay
 .text.HAL_CAN_Init
                0x080026a4      0x14c CMakeFiles/Lampbot.elf.dir/Drivers/STM32F4xx_HAL_Driver/Src/stm32f4xx_hal_can.c.obj
                0x080026a4                HAL_CAN_Init
 .text.HAL_CAN_ConfigFilter
                0x080027f0      0x138 CMakeFiles/Lampbot.elf.dir/Drivers/STM32F4xx_HAL_Driver/Src/stm32f4xx_hal_can.c.obj
                0x080027f0                HAL_CAN_ConfigFilter
 .text.HAL_CAN_Start
                0x08002928       0x5c CMakeFiles/Lampbot.elf.dir/Drivers/STM32F4xx_HAL_Driver/Src/stm32f4xx_hal_can.c.obj
                0x08002928                HAL_CAN_Start
 .text.HAL_CAN_AddTxMessage
                0x08002984       0xea CMakeFiles/Lampbot.elf.dir/Drivers/STM32F4xx_HAL_Driver/Src/stm32f4xx_hal_can.c.obj
                0x08002984                HAL_CAN_AddTxMessage
 .text.HAL_CAN_GetRxMessage
                0x08002a6e      0x16a CMakeFiles/Lampbot.elf.dir/Drivers/STM32F4xx_HAL_Driver/Src/stm32f4xx_hal_can.c.obj
                0x08002a6e                HAL_CAN_GetRxMessage
 .text.HAL_CAN_ActivateNotification
                0x08002bd8       0x24 CMakeFiles/Lampbot.elf.dir/Drivers/STM32F4xx_HAL_Driver/Src/stm32f4xx_hal_can.c.obj
                0x08002bd8                HAL_CAN_ActivateNotification
 .text.HAL_CAN_TxMailbox0CompleteCallback
                0x08002bfc        0x2 CMakeFiles/Lampbot.elf.dir/Drivers/STM32F4xx_HAL_Driver/Src/stm32f4xx_hal_can.c.obj
                0x08002bfc                HAL_CAN_TxMailbox0CompleteCallback
 .text.HAL_CAN_TxMailbox1CompleteCallback
                0x08002bfe        0x2 CMakeFiles/Lampbot.elf.dir/Drivers/STM32F4xx_HAL_Driver/Src/stm32f4xx_hal_can.c.obj
                0x08002bfe                HAL_CAN_TxMailbox1CompleteCallback
 .text.HAL_CAN_TxMailbox2CompleteCallback
                0x08002c00        0x2 CMakeFiles/Lampbot.elf.dir/Drivers/STM32F4xx_HAL_Driver/Src/stm32f4xx_hal_can.c.obj
                0x08002c00                HAL_CAN_TxMailbox2CompleteCallback
 .text.HAL_CAN_TxMailbox0AbortCallback
                0x08002c02        0x2 CMakeFiles/Lampbot.elf.dir/Drivers/STM32F4xx_HAL_Driver/Src/stm32f4xx_hal_can.c.obj
                0x08002c02                HAL_CAN_TxMailbox0AbortCallback
 .text.HAL_CAN_TxMailbox1AbortCallback
                0x08002c04        0x2 CMakeFiles/Lampbot.elf.dir/Drivers/STM32F4xx_HAL_Driver/Src/stm32f4xx_hal_can.c.obj
                0x08002c04                HAL_CAN_TxMailbox1AbortCallback
 .text.HAL_CAN_TxMailbox2AbortCallback
                0x08002c06        0x2 CMakeFiles/Lampbot.elf.dir/Drivers/STM32F4xx_HAL_Driver/Src/stm32f4xx_hal_can.c.obj
                0x08002c06                HAL_CAN_TxMailbox2AbortCallback
 .text.HAL_CAN_RxFifo0FullCallback
                0x08002c08        0x2 CMakeFiles/Lampbot.elf.dir/Drivers/STM32F4xx_HAL_Driver/Src/stm32f4xx_hal_can.c.obj
                0x08002c08                HAL_CAN_RxFifo0FullCallback
 .text.HAL_CAN_RxFifo1FullCallback
                0x08002c0a        0x2 CMakeFiles/Lampbot.elf.dir/Drivers/STM32F4xx_HAL_Driver/Src/stm32f4xx_hal_can.c.obj
                0x08002c0a                HAL_CAN_RxFifo1FullCallback
 .text.HAL_CAN_SleepCallback
                0x08002c0c        0x2 CMakeFiles/Lampbot.elf.dir/Drivers/STM32F4xx_HAL_Driver/Src/stm32f4xx_hal_can.c.obj
                0x08002c0c                HAL_CAN_SleepCallback
 .text.HAL_CAN_WakeUpFromRxMsgCallback
                0x08002c0e        0x2 CMakeFiles/Lampbot.elf.dir/Drivers/STM32F4xx_HAL_Driver/Src/stm32f4xx_hal_can.c.obj
                0x08002c0e                HAL_CAN_WakeUpFromRxMsgCallback
 .text.HAL_CAN_ErrorCallback
                0x08002c10        0x2 CMakeFiles/Lampbot.elf.dir/Drivers/STM32F4xx_HAL_Driver/Src/stm32f4xx_hal_can.c.obj
                0x08002c10                HAL_CAN_ErrorCallback
 .text.HAL_CAN_IRQHandler
                0x08002c12      0x24a CMakeFiles/Lampbot.elf.dir/Drivers/STM32F4xx_HAL_Driver/Src/stm32f4xx_hal_can.c.obj
                0x08002c12                HAL_CAN_IRQHandler
 .text.__NVIC_EnableIRQ
                0x08002e5c       0x1c CMakeFiles/Lampbot.elf.dir/Drivers/STM32F4xx_HAL_Driver/Src/stm32f4xx_hal_cortex.c.obj
 .text.__NVIC_SetPriority
                0x08002e78       0x28 CMakeFiles/Lampbot.elf.dir/Drivers/STM32F4xx_HAL_Driver/Src/stm32f4xx_hal_cortex.c.obj
 .text.NVIC_EncodePriority
                0x08002ea0       0x3e CMakeFiles/Lampbot.elf.dir/Drivers/STM32F4xx_HAL_Driver/Src/stm32f4xx_hal_cortex.c.obj
 *fill*         0x08002ede        0x2 
 .text.HAL_NVIC_SetPriorityGrouping
                0x08002ee0       0x24 CMakeFiles/Lampbot.elf.dir/Drivers/STM32F4xx_HAL_Driver/Src/stm32f4xx_hal_cortex.c.obj
                0x08002ee0                HAL_NVIC_SetPriorityGrouping
 .text.HAL_NVIC_SetPriority
                0x08002f04       0x20 CMakeFiles/Lampbot.elf.dir/Drivers/STM32F4xx_HAL_Driver/Src/stm32f4xx_hal_cortex.c.obj
                0x08002f04                HAL_NVIC_SetPriority
 .text.HAL_NVIC_EnableIRQ
                0x08002f24        0x8 CMakeFiles/Lampbot.elf.dir/Drivers/STM32F4xx_HAL_Driver/Src/stm32f4xx_hal_cortex.c.obj
                0x08002f24                HAL_NVIC_EnableIRQ
 .text.DMA_SetConfig
                0x08002f2c       0x2c CMakeFiles/Lampbot.elf.dir/Drivers/STM32F4xx_HAL_Driver/Src/stm32f4xx_hal_dma.c.obj
 .text.DMA_CalcBaseAndBitshift
                0x08002f58       0x44 CMakeFiles/Lampbot.elf.dir/Drivers/STM32F4xx_HAL_Driver/Src/stm32f4xx_hal_dma.c.obj
 .text.DMA_CheckFifoParam
                0x08002f9c       0x8e CMakeFiles/Lampbot.elf.dir/Drivers/STM32F4xx_HAL_Driver/Src/stm32f4xx_hal_dma.c.obj
 *fill*         0x0800302a        0x2 
 .text.HAL_DMA_Init
                0x0800302c       0xcc CMakeFiles/Lampbot.elf.dir/Drivers/STM32F4xx_HAL_Driver/Src/stm32f4xx_hal_dma.c.obj
                0x0800302c                HAL_DMA_Init
 .text.HAL_DMA_Start_IT
                0x080030f8       0x6a CMakeFiles/Lampbot.elf.dir/Drivers/STM32F4xx_HAL_Driver/Src/stm32f4xx_hal_dma.c.obj
                0x080030f8                HAL_DMA_Start_IT
 .text.HAL_DMA_Abort
                0x08003162       0x94 CMakeFiles/Lampbot.elf.dir/Drivers/STM32F4xx_HAL_Driver/Src/stm32f4xx_hal_dma.c.obj
                0x08003162                HAL_DMA_Abort
 .text.HAL_DMA_Abort_IT
                0x080031f6       0x26 CMakeFiles/Lampbot.elf.dir/Drivers/STM32F4xx_HAL_Driver/Src/stm32f4xx_hal_dma.c.obj
                0x080031f6                HAL_DMA_Abort_IT
 .text.HAL_DMA_IRQHandler
                0x0800321c      0x1dc CMakeFiles/Lampbot.elf.dir/Drivers/STM32F4xx_HAL_Driver/Src/stm32f4xx_hal_dma.c.obj
                0x0800321c                HAL_DMA_IRQHandler
 .text.HAL_GPIO_Init
                0x080033f8      0x1ec CMakeFiles/Lampbot.elf.dir/Drivers/STM32F4xx_HAL_Driver/Src/stm32f4xx_hal_gpio.c.obj
                0x080033f8                HAL_GPIO_Init
 .text.PCD_WriteEmptyTxFifo
                0x080035e4       0xd0 CMakeFiles/Lampbot.elf.dir/Drivers/STM32F4xx_HAL_Driver/Src/stm32f4xx_hal_pcd.c.obj
 .text.HAL_PCD_Init
                0x080036b4      0x102 CMakeFiles/Lampbot.elf.dir/Drivers/STM32F4xx_HAL_Driver/Src/stm32f4xx_hal_pcd.c.obj
                0x080036b4                HAL_PCD_Init
 .text.HAL_PCD_Start
                0x080037b6       0x44 CMakeFiles/Lampbot.elf.dir/Drivers/STM32F4xx_HAL_Driver/Src/stm32f4xx_hal_pcd.c.obj
                0x080037b6                HAL_PCD_Start
 *fill*         0x080037fa        0x2 
 .text.PCD_EP_OutXfrComplete_int
                0x080037fc      0x104 CMakeFiles/Lampbot.elf.dir/Drivers/STM32F4xx_HAL_Driver/Src/stm32f4xx_hal_pcd.c.obj
 .text.PCD_EP_OutSetupPacket_int
                0x08003900       0x50 CMakeFiles/Lampbot.elf.dir/Drivers/STM32F4xx_HAL_Driver/Src/stm32f4xx_hal_pcd.c.obj
 .text.HAL_PCD_SetAddress
                0x08003950       0x26 CMakeFiles/Lampbot.elf.dir/Drivers/STM32F4xx_HAL_Driver/Src/stm32f4xx_hal_pcd.c.obj
                0x08003950                HAL_PCD_SetAddress
 .text.HAL_PCD_EP_Open
                0x08003976       0x8c CMakeFiles/Lampbot.elf.dir/Drivers/STM32F4xx_HAL_Driver/Src/stm32f4xx_hal_pcd.c.obj
                0x08003976                HAL_PCD_EP_Open
 .text.HAL_PCD_EP_Close
                0x08003a02       0x70 CMakeFiles/Lampbot.elf.dir/Drivers/STM32F4xx_HAL_Driver/Src/stm32f4xx_hal_pcd.c.obj
                0x08003a02                HAL_PCD_EP_Close
 .text.HAL_PCD_EP_Receive
                0x08003a72       0x4a CMakeFiles/Lampbot.elf.dir/Drivers/STM32F4xx_HAL_Driver/Src/stm32f4xx_hal_pcd.c.obj
                0x08003a72                HAL_PCD_EP_Receive
 .text.HAL_PCD_EP_GetRxCount
                0x08003abc       0x12 CMakeFiles/Lampbot.elf.dir/Drivers/STM32F4xx_HAL_Driver/Src/stm32f4xx_hal_pcd.c.obj
                0x08003abc                HAL_PCD_EP_GetRxCount
 .text.HAL_PCD_EP_Transmit
                0x08003ace       0x4a CMakeFiles/Lampbot.elf.dir/Drivers/STM32F4xx_HAL_Driver/Src/stm32f4xx_hal_pcd.c.obj
                0x08003ace                HAL_PCD_EP_Transmit
 .text.HAL_PCD_EP_SetStall
                0x08003b18       0x86 CMakeFiles/Lampbot.elf.dir/Drivers/STM32F4xx_HAL_Driver/Src/stm32f4xx_hal_pcd.c.obj
                0x08003b18                HAL_PCD_EP_SetStall
 .text.HAL_PCD_EP_ClrStall
                0x08003b9e       0x74 CMakeFiles/Lampbot.elf.dir/Drivers/STM32F4xx_HAL_Driver/Src/stm32f4xx_hal_pcd.c.obj
                0x08003b9e                HAL_PCD_EP_ClrStall
 .text.HAL_PCD_EP_Abort
                0x08003c12       0x34 CMakeFiles/Lampbot.elf.dir/Drivers/STM32F4xx_HAL_Driver/Src/stm32f4xx_hal_pcd.c.obj
                0x08003c12                HAL_PCD_EP_Abort
 .text.HAL_PCD_IRQHandler
                0x08003c46      0x5bc CMakeFiles/Lampbot.elf.dir/Drivers/STM32F4xx_HAL_Driver/Src/stm32f4xx_hal_pcd.c.obj
                0x08003c46                HAL_PCD_IRQHandler
 .text.HAL_PCDEx_SetTxFiFo
                0x08004202       0x4c CMakeFiles/Lampbot.elf.dir/Drivers/STM32F4xx_HAL_Driver/Src/stm32f4xx_hal_pcd_ex.c.obj
                0x08004202                HAL_PCDEx_SetTxFiFo
 .text.HAL_PCDEx_SetRxFiFo
                0x0800424e        0x8 CMakeFiles/Lampbot.elf.dir/Drivers/STM32F4xx_HAL_Driver/Src/stm32f4xx_hal_pcd_ex.c.obj
                0x0800424e                HAL_PCDEx_SetRxFiFo
 .text.HAL_PCDEx_LPM_Callback
                0x08004256        0x2 CMakeFiles/Lampbot.elf.dir/Drivers/STM32F4xx_HAL_Driver/Src/stm32f4xx_hal_pcd_ex.c.obj
                0x08004256                HAL_PCDEx_LPM_Callback
 .text.HAL_RCC_OscConfig
                0x08004258      0x3f8 CMakeFiles/Lampbot.elf.dir/Drivers/STM32F4xx_HAL_Driver/Src/stm32f4xx_hal_rcc.c.obj
                0x08004258                HAL_RCC_OscConfig
 .text.HAL_RCC_GetSysClockFreq
                0x08004650       0xa8 CMakeFiles/Lampbot.elf.dir/Drivers/STM32F4xx_HAL_Driver/Src/stm32f4xx_hal_rcc.c.obj
                0x08004650                HAL_RCC_GetSysClockFreq
 .text.HAL_RCC_ClockConfig
                0x080046f8      0x160 CMakeFiles/Lampbot.elf.dir/Drivers/STM32F4xx_HAL_Driver/Src/stm32f4xx_hal_rcc.c.obj
                0x080046f8                HAL_RCC_ClockConfig
 .text.HAL_RCC_GetHCLKFreq
                0x08004858        0xc CMakeFiles/Lampbot.elf.dir/Drivers/STM32F4xx_HAL_Driver/Src/stm32f4xx_hal_rcc.c.obj
                0x08004858                HAL_RCC_GetHCLKFreq
 .text.HAL_RCC_GetPCLK1Freq
                0x08004864       0x20 CMakeFiles/Lampbot.elf.dir/Drivers/STM32F4xx_HAL_Driver/Src/stm32f4xx_hal_rcc.c.obj
                0x08004864                HAL_RCC_GetPCLK1Freq
 .text.HAL_RCC_GetPCLK2Freq
                0x08004884       0x20 CMakeFiles/Lampbot.elf.dir/Drivers/STM32F4xx_HAL_Driver/Src/stm32f4xx_hal_rcc.c.obj
                0x08004884                HAL_RCC_GetPCLK2Freq
 .text.HAL_RCC_GetClockConfig
                0x080048a4       0x3c CMakeFiles/Lampbot.elf.dir/Drivers/STM32F4xx_HAL_Driver/Src/stm32f4xx_hal_rcc.c.obj
                0x080048a4                HAL_RCC_GetClockConfig
 .text.HAL_TIM_Base_MspInit
                0x080048e0        0x2 CMakeFiles/Lampbot.elf.dir/Drivers/STM32F4xx_HAL_Driver/Src/stm32f4xx_hal_tim.c.obj
                0x080048e0                HAL_TIM_Base_MspInit
 *fill*         0x080048e2        0x2 
 .text.HAL_TIM_Base_Start_IT
                0x080048e4       0x88 CMakeFiles/Lampbot.elf.dir/Drivers/STM32F4xx_HAL_Driver/Src/stm32f4xx_hal_tim.c.obj
                0x080048e4                HAL_TIM_Base_Start_IT
 .text.HAL_TIM_OC_DelayElapsedCallback
                0x0800496c        0x2 CMakeFiles/Lampbot.elf.dir/Drivers/STM32F4xx_HAL_Driver/Src/stm32f4xx_hal_tim.c.obj
                0x0800496c                HAL_TIM_OC_DelayElapsedCallback
 .text.HAL_TIM_IC_CaptureCallback
                0x0800496e        0x2 CMakeFiles/Lampbot.elf.dir/Drivers/STM32F4xx_HAL_Driver/Src/stm32f4xx_hal_tim.c.obj
                0x0800496e                HAL_TIM_IC_CaptureCallback
 .text.HAL_TIM_PWM_PulseFinishedCallback
                0x08004970        0x2 CMakeFiles/Lampbot.elf.dir/Drivers/STM32F4xx_HAL_Driver/Src/stm32f4xx_hal_tim.c.obj
                0x08004970                HAL_TIM_PWM_PulseFinishedCallback
 .text.HAL_TIM_TriggerCallback
                0x08004972        0x2 CMakeFiles/Lampbot.elf.dir/Drivers/STM32F4xx_HAL_Driver/Src/stm32f4xx_hal_tim.c.obj
                0x08004972                HAL_TIM_TriggerCallback
 .text.HAL_TIM_IRQHandler
                0x08004974      0x15e CMakeFiles/Lampbot.elf.dir/Drivers/STM32F4xx_HAL_Driver/Src/stm32f4xx_hal_tim.c.obj
                0x08004974                HAL_TIM_IRQHandler
 *fill*         0x08004ad2        0x2 
 .text.TIM_Base_SetConfig
                0x08004ad4       0xd8 CMakeFiles/Lampbot.elf.dir/Drivers/STM32F4xx_HAL_Driver/Src/stm32f4xx_hal_tim.c.obj
                0x08004ad4                TIM_Base_SetConfig
 .text.HAL_TIM_Base_Init
                0x08004bac       0x58 CMakeFiles/Lampbot.elf.dir/Drivers/STM32F4xx_HAL_Driver/Src/stm32f4xx_hal_tim.c.obj
                0x08004bac                HAL_TIM_Base_Init
 .text.HAL_TIMEx_CommutCallback
                0x08004c04        0x2 CMakeFiles/Lampbot.elf.dir/Drivers/STM32F4xx_HAL_Driver/Src/stm32f4xx_hal_tim_ex.c.obj
                0x08004c04                HAL_TIMEx_CommutCallback
 .text.HAL_TIMEx_BreakCallback
                0x08004c06        0x2 CMakeFiles/Lampbot.elf.dir/Drivers/STM32F4xx_HAL_Driver/Src/stm32f4xx_hal_tim_ex.c.obj
                0x08004c06                HAL_TIMEx_BreakCallback
 .text.UART_EndTxTransfer
                0x08004c08       0x20 CMakeFiles/Lampbot.elf.dir/Drivers/STM32F4xx_HAL_Driver/Src/stm32f4xx_hal_uart.c.obj
 .text.UART_EndRxTransfer
                0x08004c28       0x5c CMakeFiles/Lampbot.elf.dir/Drivers/STM32F4xx_HAL_Driver/Src/stm32f4xx_hal_uart.c.obj
 .text.UART_Transmit_IT
                0x08004c84       0x60 CMakeFiles/Lampbot.elf.dir/Drivers/STM32F4xx_HAL_Driver/Src/stm32f4xx_hal_uart.c.obj
 .text.UART_SetConfig
                0x08004ce4      0x110 CMakeFiles/Lampbot.elf.dir/Drivers/STM32F4xx_HAL_Driver/Src/stm32f4xx_hal_uart.c.obj
 .text.HAL_UART_Init
                0x08004df4       0x60 CMakeFiles/Lampbot.elf.dir/Drivers/STM32F4xx_HAL_Driver/Src/stm32f4xx_hal_uart.c.obj
                0x08004df4                HAL_UART_Init
 .text.HAL_UART_TxCpltCallback
                0x08004e54        0x2 CMakeFiles/Lampbot.elf.dir/Drivers/STM32F4xx_HAL_Driver/Src/stm32f4xx_hal_uart.c.obj
                0x08004e54                HAL_UART_TxCpltCallback
 .text.UART_EndTransmit_IT
                0x08004e56       0x1a CMakeFiles/Lampbot.elf.dir/Drivers/STM32F4xx_HAL_Driver/Src/stm32f4xx_hal_uart.c.obj
 .text.HAL_UART_RxCpltCallback
                0x08004e70        0x2 CMakeFiles/Lampbot.elf.dir/Drivers/STM32F4xx_HAL_Driver/Src/stm32f4xx_hal_uart.c.obj
                0x08004e70                HAL_UART_RxCpltCallback
 .text.HAL_UART_RxHalfCpltCallback
                0x08004e72        0x2 CMakeFiles/Lampbot.elf.dir/Drivers/STM32F4xx_HAL_Driver/Src/stm32f4xx_hal_uart.c.obj
                0x08004e72                HAL_UART_RxHalfCpltCallback
 .text.HAL_UART_ErrorCallback
                0x08004e74        0x2 CMakeFiles/Lampbot.elf.dir/Drivers/STM32F4xx_HAL_Driver/Src/stm32f4xx_hal_uart.c.obj
                0x08004e74                HAL_UART_ErrorCallback
 .text.UART_DMAError
                0x08004e76       0x58 CMakeFiles/Lampbot.elf.dir/Drivers/STM32F4xx_HAL_Driver/Src/stm32f4xx_hal_uart.c.obj
 .text.UART_DMAAbortOnError
                0x08004ece       0x10 CMakeFiles/Lampbot.elf.dir/Drivers/STM32F4xx_HAL_Driver/Src/stm32f4xx_hal_uart.c.obj
 .text.UART_Receive_IT
                0x08004ede       0xe6 CMakeFiles/Lampbot.elf.dir/Drivers/STM32F4xx_HAL_Driver/Src/stm32f4xx_hal_uart.c.obj
 .text.HAL_UART_IRQHandler
                0x08004fc4      0x284 CMakeFiles/Lampbot.elf.dir/Drivers/STM32F4xx_HAL_Driver/Src/stm32f4xx_hal_uart.c.obj
                0x08004fc4                HAL_UART_IRQHandler
 .text.UART_DMARxHalfCplt
                0x08005248       0x1e CMakeFiles/Lampbot.elf.dir/Drivers/STM32F4xx_HAL_Driver/Src/stm32f4xx_hal_uart.c.obj
 .text.UART_DMAReceiveCplt
                0x08005266       0x9a CMakeFiles/Lampbot.elf.dir/Drivers/STM32F4xx_HAL_Driver/Src/stm32f4xx_hal_uart.c.obj
 .text.UART_Start_Receive_DMA
                0x08005300       0xa4 CMakeFiles/Lampbot.elf.dir/Drivers/STM32F4xx_HAL_Driver/Src/stm32f4xx_hal_uart.c.obj
                0x08005300                UART_Start_Receive_DMA
 .text.HAL_UARTEx_ReceiveToIdle_DMA
                0x080053a4       0x66 CMakeFiles/Lampbot.elf.dir/Drivers/STM32F4xx_HAL_Driver/Src/stm32f4xx_hal_uart.c.obj
                0x080053a4                HAL_UARTEx_ReceiveToIdle_DMA
 .text.USB_CoreReset
                0x0800540a       0x4a CMakeFiles/Lampbot.elf.dir/Drivers/STM32F4xx_HAL_Driver/Src/stm32f4xx_ll_usb.c.obj
 .text.USB_CoreInit
                0x08005454       0x92 CMakeFiles/Lampbot.elf.dir/Drivers/STM32F4xx_HAL_Driver/Src/stm32f4xx_ll_usb.c.obj
                0x08005454                USB_CoreInit
 *fill*         0x080054e6        0x2 
 .text.USB_SetTurnaroundTime
                0x080054e8       0xe4 CMakeFiles/Lampbot.elf.dir/Drivers/STM32F4xx_HAL_Driver/Src/stm32f4xx_ll_usb.c.obj
                0x080054e8                USB_SetTurnaroundTime
 .text.USB_EnableGlobalInt
                0x080055cc        0xc CMakeFiles/Lampbot.elf.dir/Drivers/STM32F4xx_HAL_Driver/Src/stm32f4xx_ll_usb.c.obj
                0x080055cc                USB_EnableGlobalInt
 .text.USB_DisableGlobalInt
                0x080055d8        0xc CMakeFiles/Lampbot.elf.dir/Drivers/STM32F4xx_HAL_Driver/Src/stm32f4xx_ll_usb.c.obj
                0x080055d8                USB_DisableGlobalInt
 .text.USB_FlushTxFifo
                0x080055e4       0x4a CMakeFiles/Lampbot.elf.dir/Drivers/STM32F4xx_HAL_Driver/Src/stm32f4xx_ll_usb.c.obj
                0x080055e4                USB_FlushTxFifo
 .text.USB_FlushRxFifo
                0x0800562e       0x46 CMakeFiles/Lampbot.elf.dir/Drivers/STM32F4xx_HAL_Driver/Src/stm32f4xx_ll_usb.c.obj
                0x0800562e                USB_FlushRxFifo
 .text.USB_SetDevSpeed
                0x08005674        0xe CMakeFiles/Lampbot.elf.dir/Drivers/STM32F4xx_HAL_Driver/Src/stm32f4xx_ll_usb.c.obj
                0x08005674                USB_SetDevSpeed
 *fill*         0x08005682        0x2 
 .text.USB_DevInit
                0x08005684      0x194 CMakeFiles/Lampbot.elf.dir/Drivers/STM32F4xx_HAL_Driver/Src/stm32f4xx_ll_usb.c.obj
                0x08005684                USB_DevInit
 .text.USB_GetDevSpeed
                0x08005818       0x22 CMakeFiles/Lampbot.elf.dir/Drivers/STM32F4xx_HAL_Driver/Src/stm32f4xx_ll_usb.c.obj
                0x08005818                USB_GetDevSpeed
 .text.USB_ActivateEndpoint
                0x0800583a       0x9a CMakeFiles/Lampbot.elf.dir/Drivers/STM32F4xx_HAL_Driver/Src/stm32f4xx_ll_usb.c.obj
                0x0800583a                USB_ActivateEndpoint
 .text.USB_DeactivateEndpoint
                0x080058d4       0xe0 CMakeFiles/Lampbot.elf.dir/Drivers/STM32F4xx_HAL_Driver/Src/stm32f4xx_ll_usb.c.obj
                0x080058d4                USB_DeactivateEndpoint
 .text.USB_EPStopXfer
                0x080059b4       0xbe CMakeFiles/Lampbot.elf.dir/Drivers/STM32F4xx_HAL_Driver/Src/stm32f4xx_ll_usb.c.obj
                0x080059b4                USB_EPStopXfer
 .text.USB_WritePacket
                0x08005a72       0x2e CMakeFiles/Lampbot.elf.dir/Drivers/STM32F4xx_HAL_Driver/Src/stm32f4xx_ll_usb.c.obj
                0x08005a72                USB_WritePacket
 .text.USB_EPStartXfer
                0x08005aa0      0x250 CMakeFiles/Lampbot.elf.dir/Drivers/STM32F4xx_HAL_Driver/Src/stm32f4xx_ll_usb.c.obj
                0x08005aa0                USB_EPStartXfer
 .text.USB_ReadPacket
                0x08005cf0       0x46 CMakeFiles/Lampbot.elf.dir/Drivers/STM32F4xx_HAL_Driver/Src/stm32f4xx_ll_usb.c.obj
                0x08005cf0                USB_ReadPacket
 .text.USB_EPSetStall
                0x08005d36       0x5a CMakeFiles/Lampbot.elf.dir/Drivers/STM32F4xx_HAL_Driver/Src/stm32f4xx_ll_usb.c.obj
                0x08005d36                USB_EPSetStall
 .text.USB_EPClearStall
                0x08005d90       0x5c CMakeFiles/Lampbot.elf.dir/Drivers/STM32F4xx_HAL_Driver/Src/stm32f4xx_ll_usb.c.obj
                0x08005d90                USB_EPClearStall
 .text.USB_SetDevAddress
                0x08005dec       0x20 CMakeFiles/Lampbot.elf.dir/Drivers/STM32F4xx_HAL_Driver/Src/stm32f4xx_ll_usb.c.obj
                0x08005dec                USB_SetDevAddress
 .text.USB_DevConnect
                0x08005e0c       0x1c CMakeFiles/Lampbot.elf.dir/Drivers/STM32F4xx_HAL_Driver/Src/stm32f4xx_ll_usb.c.obj
                0x08005e0c                USB_DevConnect
 .text.USB_DevDisconnect
                0x08005e28       0x1c CMakeFiles/Lampbot.elf.dir/Drivers/STM32F4xx_HAL_Driver/Src/stm32f4xx_ll_usb.c.obj
                0x08005e28                USB_DevDisconnect
 .text.USB_ReadInterrupts
                0x08005e44        0x8 CMakeFiles/Lampbot.elf.dir/Drivers/STM32F4xx_HAL_Driver/Src/stm32f4xx_ll_usb.c.obj
                0x08005e44                USB_ReadInterrupts
 .text.USB_ReadDevAllOutEpInterrupt
                0x08005e4c       0x10 CMakeFiles/Lampbot.elf.dir/Drivers/STM32F4xx_HAL_Driver/Src/stm32f4xx_ll_usb.c.obj
                0x08005e4c                USB_ReadDevAllOutEpInterrupt
 .text.USB_ReadDevAllInEpInterrupt
                0x08005e5c       0x10 CMakeFiles/Lampbot.elf.dir/Drivers/STM32F4xx_HAL_Driver/Src/stm32f4xx_ll_usb.c.obj
                0x08005e5c                USB_ReadDevAllInEpInterrupt
 .text.USB_ReadDevOutEPInterrupt
                0x08005e6c       0x12 CMakeFiles/Lampbot.elf.dir/Drivers/STM32F4xx_HAL_Driver/Src/stm32f4xx_ll_usb.c.obj
                0x08005e6c                USB_ReadDevOutEPInterrupt
 .text.USB_ReadDevInEPInterrupt
                0x08005e7e       0x24 CMakeFiles/Lampbot.elf.dir/Drivers/STM32F4xx_HAL_Driver/Src/stm32f4xx_ll_usb.c.obj
                0x08005e7e                USB_ReadDevInEPInterrupt
 .text.USB_GetMode
                0x08005ea2        0x8 CMakeFiles/Lampbot.elf.dir/Drivers/STM32F4xx_HAL_Driver/Src/stm32f4xx_ll_usb.c.obj
                0x08005ea2                USB_GetMode
 .text.USB_SetCurrentMode
                0x08005eaa       0x62 CMakeFiles/Lampbot.elf.dir/Drivers/STM32F4xx_HAL_Driver/Src/stm32f4xx_ll_usb.c.obj
                0x08005eaa                USB_SetCurrentMode
 .text.USB_ActivateSetup
                0x08005f0c       0x20 CMakeFiles/Lampbot.elf.dir/Drivers/STM32F4xx_HAL_Driver/Src/stm32f4xx_ll_usb.c.obj
                0x08005f0c                USB_ActivateSetup
 .text.USB_EP0_OutStart
                0x08005f2c       0x60 CMakeFiles/Lampbot.elf.dir/Drivers/STM32F4xx_HAL_Driver/Src/stm32f4xx_ll_usb.c.obj
                0x08005f2c                USB_EP0_OutStart
 .text.USBD_CDC_EP0_RxReady
                0x08005f8c       0x40 CMakeFiles/Lampbot.elf.dir/Middlewares/ST/STM32_USB_Device_Library/Class/CDC/Src/usbd_cdc.c.obj
 .text.USBD_CDC_GetDeviceQualifierDescriptor
                0x08005fcc        0xc CMakeFiles/Lampbot.elf.dir/Middlewares/ST/STM32_USB_Device_Library/Class/CDC/Src/usbd_cdc.c.obj
                0x08005fcc                USBD_CDC_GetDeviceQualifierDescriptor
 .text.USBD_CDC_GetOtherSpeedCfgDesc
                0x08005fd8       0x48 CMakeFiles/Lampbot.elf.dir/Middlewares/ST/STM32_USB_Device_Library/Class/CDC/Src/usbd_cdc.c.obj
 .text.USBD_CDC_GetFSCfgDesc
                0x08006020       0x48 CMakeFiles/Lampbot.elf.dir/Middlewares/ST/STM32_USB_Device_Library/Class/CDC/Src/usbd_cdc.c.obj
 .text.USBD_CDC_GetHSCfgDesc
                0x08006068       0x48 CMakeFiles/Lampbot.elf.dir/Middlewares/ST/STM32_USB_Device_Library/Class/CDC/Src/usbd_cdc.c.obj
 .text.USBD_CDC_DataOut
                0x080060b0       0x38 CMakeFiles/Lampbot.elf.dir/Middlewares/ST/STM32_USB_Device_Library/Class/CDC/Src/usbd_cdc.c.obj
 .text.USBD_CDC_DataIn
                0x080060e8       0x7c CMakeFiles/Lampbot.elf.dir/Middlewares/ST/STM32_USB_Device_Library/Class/CDC/Src/usbd_cdc.c.obj
 .text.USBD_CDC_Setup
                0x08006164      0x11a CMakeFiles/Lampbot.elf.dir/Middlewares/ST/STM32_USB_Device_Library/Class/CDC/Src/usbd_cdc.c.obj
 .text.USBD_CDC_DeInit
                0x0800627e       0x64 CMakeFiles/Lampbot.elf.dir/Middlewares/ST/STM32_USB_Device_Library/Class/CDC/Src/usbd_cdc.c.obj
 .text.USBD_CDC_Init
                0x080062e2       0xee CMakeFiles/Lampbot.elf.dir/Middlewares/ST/STM32_USB_Device_Library/Class/CDC/Src/usbd_cdc.c.obj
 .text.USBD_CDC_RegisterInterface
                0x080063d0       0x16 CMakeFiles/Lampbot.elf.dir/Middlewares/ST/STM32_USB_Device_Library/Class/CDC/Src/usbd_cdc.c.obj
                0x080063d0                USBD_CDC_RegisterInterface
 .text.USBD_CDC_SetTxBuffer
                0x080063e6       0x1c CMakeFiles/Lampbot.elf.dir/Middlewares/ST/STM32_USB_Device_Library/Class/CDC/Src/usbd_cdc.c.obj
                0x080063e6                USBD_CDC_SetTxBuffer
 .text.USBD_CDC_SetRxBuffer
                0x08006402       0x18 CMakeFiles/Lampbot.elf.dir/Middlewares/ST/STM32_USB_Device_Library/Class/CDC/Src/usbd_cdc.c.obj
                0x08006402                USBD_CDC_SetRxBuffer
 .text.USBD_CDC_TransmitPacket
                0x0800641a       0x36 CMakeFiles/Lampbot.elf.dir/Middlewares/ST/STM32_USB_Device_Library/Class/CDC/Src/usbd_cdc.c.obj
                0x0800641a                USBD_CDC_TransmitPacket
 .text.USBD_CDC_ReceivePacket
                0x08006450       0x38 CMakeFiles/Lampbot.elf.dir/Middlewares/ST/STM32_USB_Device_Library/Class/CDC/Src/usbd_cdc.c.obj
                0x08006450                USBD_CDC_ReceivePacket
 .text.USBD_Init
                0x08006488       0x2e CMakeFiles/Lampbot.elf.dir/Middlewares/ST/STM32_USB_Device_Library/Core/Src/usbd_core.c.obj
                0x08006488                USBD_Init
 .text.USBD_RegisterClass
                0x080064b6       0x34 CMakeFiles/Lampbot.elf.dir/Middlewares/ST/STM32_USB_Device_Library/Core/Src/usbd_core.c.obj
                0x080064b6                USBD_RegisterClass
 .text.USBD_Start
                0x080064ea        0x8 CMakeFiles/Lampbot.elf.dir/Middlewares/ST/STM32_USB_Device_Library/Core/Src/usbd_core.c.obj
                0x080064ea                USBD_Start
 .text.USBD_SetClassConfig
                0x080064f2       0x12 CMakeFiles/Lampbot.elf.dir/Middlewares/ST/STM32_USB_Device_Library/Core/Src/usbd_core.c.obj
                0x080064f2                USBD_SetClassConfig
 .text.USBD_ClrClassConfig
                0x08006504       0x12 CMakeFiles/Lampbot.elf.dir/Middlewares/ST/STM32_USB_Device_Library/Core/Src/usbd_core.c.obj
                0x08006504                USBD_ClrClassConfig
 .text.USBD_LL_SetupStage
                0x08006516       0x58 CMakeFiles/Lampbot.elf.dir/Middlewares/ST/STM32_USB_Device_Library/Core/Src/usbd_core.c.obj
                0x08006516                USBD_LL_SetupStage
 .text.USBD_LL_Reset
                0x0800656e       0x64 CMakeFiles/Lampbot.elf.dir/Middlewares/ST/STM32_USB_Device_Library/Core/Src/usbd_core.c.obj
                0x0800656e                USBD_LL_Reset
 .text.USBD_LL_SetSpeed
                0x080065d2        0x6 CMakeFiles/Lampbot.elf.dir/Middlewares/ST/STM32_USB_Device_Library/Core/Src/usbd_core.c.obj
                0x080065d2                USBD_LL_SetSpeed
 .text.USBD_LL_Suspend
                0x080065d8       0x1e CMakeFiles/Lampbot.elf.dir/Middlewares/ST/STM32_USB_Device_Library/Core/Src/usbd_core.c.obj
                0x080065d8                USBD_LL_Suspend
 .text.USBD_LL_Resume
                0x080065f6       0x1a CMakeFiles/Lampbot.elf.dir/Middlewares/ST/STM32_USB_Device_Library/Core/Src/usbd_core.c.obj
                0x080065f6                USBD_LL_Resume
 .text.USBD_LL_SOF
                0x08006610       0x22 CMakeFiles/Lampbot.elf.dir/Middlewares/ST/STM32_USB_Device_Library/Core/Src/usbd_core.c.obj
                0x08006610                USBD_LL_SOF
 .text.USBD_LL_IsoINIncomplete
                0x08006632       0x2e CMakeFiles/Lampbot.elf.dir/Middlewares/ST/STM32_USB_Device_Library/Core/Src/usbd_core.c.obj
                0x08006632                USBD_LL_IsoINIncomplete
 .text.USBD_LL_IsoOUTIncomplete
                0x08006660       0x2e CMakeFiles/Lampbot.elf.dir/Middlewares/ST/STM32_USB_Device_Library/Core/Src/usbd_core.c.obj
                0x08006660                USBD_LL_IsoOUTIncomplete
 .text.USBD_LL_DevConnected
                0x0800668e        0x4 CMakeFiles/Lampbot.elf.dir/Middlewares/ST/STM32_USB_Device_Library/Core/Src/usbd_core.c.obj
                0x0800668e                USBD_LL_DevConnected
 .text.USBD_LL_DevDisconnected
                0x08006692       0x20 CMakeFiles/Lampbot.elf.dir/Middlewares/ST/STM32_USB_Device_Library/Core/Src/usbd_core.c.obj
                0x08006692                USBD_LL_DevDisconnected
 .text.USBD_CoreFindIF
                0x080066b2        0x4 CMakeFiles/Lampbot.elf.dir/Middlewares/ST/STM32_USB_Device_Library/Core/Src/usbd_core.c.obj
                0x080066b2                USBD_CoreFindIF
 .text.USBD_CoreFindEP
                0x080066b6        0x4 CMakeFiles/Lampbot.elf.dir/Middlewares/ST/STM32_USB_Device_Library/Core/Src/usbd_core.c.obj
                0x080066b6                USBD_CoreFindEP
 .text.USBD_LL_DataOutStage
                0x080066ba       0xc6 CMakeFiles/Lampbot.elf.dir/Middlewares/ST/STM32_USB_Device_Library/Core/Src/usbd_core.c.obj
                0x080066ba                USBD_LL_DataOutStage
 .text.USBD_LL_DataInStage
                0x08006780       0xd6 CMakeFiles/Lampbot.elf.dir/Middlewares/ST/STM32_USB_Device_Library/Core/Src/usbd_core.c.obj
                0x08006780                USBD_LL_DataInStage
 .text.USBD_GetNextDesc
                0x08006856        0xe CMakeFiles/Lampbot.elf.dir/Middlewares/ST/STM32_USB_Device_Library/Core/Src/usbd_core.c.obj
                0x08006856                USBD_GetNextDesc
 .text.USBD_GetEpDesc
                0x08006864       0x3e CMakeFiles/Lampbot.elf.dir/Middlewares/ST/STM32_USB_Device_Library/Core/Src/usbd_core.c.obj
                0x08006864                USBD_GetEpDesc
 .text.USBD_GetLen
                0x080068a2       0x14 CMakeFiles/Lampbot.elf.dir/Middlewares/ST/STM32_USB_Device_Library/Core/Src/usbd_ctlreq.c.obj
 .text.USBD_ParseSetupRequest
                0x080068b6       0x28 CMakeFiles/Lampbot.elf.dir/Middlewares/ST/STM32_USB_Device_Library/Core/Src/usbd_ctlreq.c.obj
                0x080068b6                USBD_ParseSetupRequest
 .text.USBD_CtlError
                0x080068de       0x14 CMakeFiles/Lampbot.elf.dir/Middlewares/ST/STM32_USB_Device_Library/Core/Src/usbd_ctlreq.c.obj
                0x080068de                USBD_CtlError
 .text.USBD_GetDescriptor
                0x080068f2      0x18a CMakeFiles/Lampbot.elf.dir/Middlewares/ST/STM32_USB_Device_Library/Core/Src/usbd_ctlreq.c.obj
 .text.USBD_SetAddress
                0x08006a7c       0x50 CMakeFiles/Lampbot.elf.dir/Middlewares/ST/STM32_USB_Device_Library/Core/Src/usbd_ctlreq.c.obj
 .text.USBD_SetConfig
                0x08006acc       0xcc CMakeFiles/Lampbot.elf.dir/Middlewares/ST/STM32_USB_Device_Library/Core/Src/usbd_ctlreq.c.obj
 .text.USBD_GetConfig
                0x08006b98       0x40 CMakeFiles/Lampbot.elf.dir/Middlewares/ST/STM32_USB_Device_Library/Core/Src/usbd_ctlreq.c.obj
 .text.USBD_GetStatus
                0x08006bd8       0x38 CMakeFiles/Lampbot.elf.dir/Middlewares/ST/STM32_USB_Device_Library/Core/Src/usbd_ctlreq.c.obj
 .text.USBD_SetFeature
                0x08006c10       0x2a CMakeFiles/Lampbot.elf.dir/Middlewares/ST/STM32_USB_Device_Library/Core/Src/usbd_ctlreq.c.obj
 .text.USBD_ClrFeature
                0x08006c3a       0x26 CMakeFiles/Lampbot.elf.dir/Middlewares/ST/STM32_USB_Device_Library/Core/Src/usbd_ctlreq.c.obj
 .text.USBD_StdDevReq
                0x08006c60       0x76 CMakeFiles/Lampbot.elf.dir/Middlewares/ST/STM32_USB_Device_Library/Core/Src/usbd_ctlreq.c.obj
                0x08006c60                USBD_StdDevReq
 .text.USBD_StdItfReq
                0x08006cd6       0x84 CMakeFiles/Lampbot.elf.dir/Middlewares/ST/STM32_USB_Device_Library/Core/Src/usbd_ctlreq.c.obj
                0x08006cd6                USBD_StdItfReq
 .text.USBD_StdEPReq
                0x08006d5a      0x230 CMakeFiles/Lampbot.elf.dir/Middlewares/ST/STM32_USB_Device_Library/Core/Src/usbd_ctlreq.c.obj
                0x08006d5a                USBD_StdEPReq
 .text.USBD_GetString
                0x08006f8a       0x46 CMakeFiles/Lampbot.elf.dir/Middlewares/ST/STM32_USB_Device_Library/Core/Src/usbd_ctlreq.c.obj
                0x08006f8a                USBD_GetString
 .text.USBD_CtlSendData
                0x08006fd0       0x1a CMakeFiles/Lampbot.elf.dir/Middlewares/ST/STM32_USB_Device_Library/Core/Src/usbd_ioreq.c.obj
                0x08006fd0                USBD_CtlSendData
 .text.USBD_CtlContinueSendData
                0x08006fea       0x10 CMakeFiles/Lampbot.elf.dir/Middlewares/ST/STM32_USB_Device_Library/Core/Src/usbd_ioreq.c.obj
                0x08006fea                USBD_CtlContinueSendData
 .text.USBD_CtlPrepareRx
                0x08006ffa       0x1e CMakeFiles/Lampbot.elf.dir/Middlewares/ST/STM32_USB_Device_Library/Core/Src/usbd_ioreq.c.obj
                0x08006ffa                USBD_CtlPrepareRx
 .text.USBD_CtlContinueRx
                0x08007018       0x10 CMakeFiles/Lampbot.elf.dir/Middlewares/ST/STM32_USB_Device_Library/Core/Src/usbd_ioreq.c.obj
                0x08007018                USBD_CtlContinueRx
 .text.USBD_CtlSendStatus
                0x08007028       0x16 CMakeFiles/Lampbot.elf.dir/Middlewares/ST/STM32_USB_Device_Library/Core/Src/usbd_ioreq.c.obj
                0x08007028                USBD_CtlSendStatus
 .text.USBD_CtlReceiveStatus
                0x0800703e       0x16 CMakeFiles/Lampbot.elf.dir/Middlewares/ST/STM32_USB_Device_Library/Core/Src/usbd_ioreq.c.obj
                0x0800703e                USBD_CtlReceiveStatus
 .text.makeFreeRtosPriority
                0x08007054        0xc CMakeFiles/Lampbot.elf.dir/Middlewares/Third_Party/FreeRTOS/Source/CMSIS_RTOS/cmsis_os.c.obj
 .text.osKernelStart
                0x08007060        0xa CMakeFiles/Lampbot.elf.dir/Middlewares/Third_Party/FreeRTOS/Source/CMSIS_RTOS/cmsis_os.c.obj
                0x08007060                osKernelStart
 .text.osThreadCreate
                0x0800706a       0x66 CMakeFiles/Lampbot.elf.dir/Middlewares/Third_Party/FreeRTOS/Source/CMSIS_RTOS/cmsis_os.c.obj
                0x0800706a                osThreadCreate
 .text.osDelay  0x080070d0        0xe CMakeFiles/Lampbot.elf.dir/Middlewares/Third_Party/FreeRTOS/Source/CMSIS_RTOS/cmsis_os.c.obj
                0x080070d0                osDelay
 .text.vListInitialise
                0x080070de       0x16 CMakeFiles/Lampbot.elf.dir/Middlewares/Third_Party/FreeRTOS/Source/list.c.obj
                0x080070de                vListInitialise
 .text.vListInitialiseItem
                0x080070f4        0x6 CMakeFiles/Lampbot.elf.dir/Middlewares/Third_Party/FreeRTOS/Source/list.c.obj
                0x080070f4                vListInitialiseItem
 .text.vListInsertEnd
                0x080070fa       0x16 CMakeFiles/Lampbot.elf.dir/Middlewares/Third_Party/FreeRTOS/Source/list.c.obj
                0x080070fa                vListInsertEnd
 .text.vListInsert
                0x08007110       0x32 CMakeFiles/Lampbot.elf.dir/Middlewares/Third_Party/FreeRTOS/Source/list.c.obj
                0x08007110                vListInsert
 .text.uxListRemove
                0x08007142       0x26 CMakeFiles/Lampbot.elf.dir/Middlewares/Third_Party/FreeRTOS/Source/list.c.obj
                0x08007142                uxListRemove
 .text.prvTaskExitError
                0x08007168       0x40 CMakeFiles/Lampbot.elf.dir/Middlewares/Third_Party/FreeRTOS/Source/portable/GCC/ARM_CM4F/port.c.obj
 .text.prvPortStartFirstTask
                0x080071a8       0x28 CMakeFiles/Lampbot.elf.dir/Middlewares/Third_Party/FreeRTOS/Source/portable/GCC/ARM_CM4F/port.c.obj
 .text.vPortEnableVFP
                0x080071d0       0x14 CMakeFiles/Lampbot.elf.dir/Middlewares/Third_Party/FreeRTOS/Source/portable/GCC/ARM_CM4F/port.c.obj
 .text.pxPortInitialiseStack
                0x080071e4       0x2c CMakeFiles/Lampbot.elf.dir/Middlewares/Third_Party/FreeRTOS/Source/portable/GCC/ARM_CM4F/port.c.obj
                0x080071e4                pxPortInitialiseStack
 .text.SVC_Handler
                0x08007210       0x24 CMakeFiles/Lampbot.elf.dir/Middlewares/Third_Party/FreeRTOS/Source/portable/GCC/ARM_CM4F/port.c.obj
                0x08007210                SVC_Handler
 .text.vPortEnterCritical
                0x08007234       0x44 CMakeFiles/Lampbot.elf.dir/Middlewares/Third_Party/FreeRTOS/Source/portable/GCC/ARM_CM4F/port.c.obj
                0x08007234                vPortEnterCritical
 .text.vPortExitCritical
                0x08007278       0x2c CMakeFiles/Lampbot.elf.dir/Middlewares/Third_Party/FreeRTOS/Source/portable/GCC/ARM_CM4F/port.c.obj
                0x08007278                vPortExitCritical
 *fill*         0x080072a4        0xc 
 .text.PendSV_Handler
                0x080072b0       0x64 CMakeFiles/Lampbot.elf.dir/Middlewares/Third_Party/FreeRTOS/Source/portable/GCC/ARM_CM4F/port.c.obj
                0x080072b0                PendSV_Handler
 .text.SysTick_Handler
                0x08007314       0x2c CMakeFiles/Lampbot.elf.dir/Middlewares/Third_Party/FreeRTOS/Source/portable/GCC/ARM_CM4F/port.c.obj
                0x08007314                SysTick_Handler
 .text.vPortSetupTimerInterrupt
                0x08007340       0x28 CMakeFiles/Lampbot.elf.dir/Middlewares/Third_Party/FreeRTOS/Source/portable/GCC/ARM_CM4F/port.c.obj
                0x08007340                vPortSetupTimerInterrupt
 .text.xPortStartScheduler
                0x08007368      0x118 CMakeFiles/Lampbot.elf.dir/Middlewares/Third_Party/FreeRTOS/Source/portable/GCC/ARM_CM4F/port.c.obj
                0x08007368                xPortStartScheduler
 .text.prvHeapInit
                0x08007480       0x64 CMakeFiles/Lampbot.elf.dir/Middlewares/Third_Party/FreeRTOS/Source/portable/MemMang/heap_4.c.obj
 .text.prvInsertBlockIntoFreeList
                0x080074e4       0x64 CMakeFiles/Lampbot.elf.dir/Middlewares/Third_Party/FreeRTOS/Source/portable/MemMang/heap_4.c.obj
 .text.pvPortMalloc
                0x08007548      0x104 CMakeFiles/Lampbot.elf.dir/Middlewares/Third_Party/FreeRTOS/Source/portable/MemMang/heap_4.c.obj
                0x08007548                pvPortMalloc
 .text.vPortFree
                0x0800764c       0x7c CMakeFiles/Lampbot.elf.dir/Middlewares/Third_Party/FreeRTOS/Source/portable/MemMang/heap_4.c.obj
                0x0800764c                vPortFree
 .text.prvResetNextTaskUnblockTime
                0x080076c8       0x2c CMakeFiles/Lampbot.elf.dir/Middlewares/Third_Party/FreeRTOS/Source/tasks.c.obj
 .text.prvInitialiseNewTask
                0x080076f4       0xfc CMakeFiles/Lampbot.elf.dir/Middlewares/Third_Party/FreeRTOS/Source/tasks.c.obj
 .text.prvInitialiseTaskLists
                0x080077f0       0x68 CMakeFiles/Lampbot.elf.dir/Middlewares/Third_Party/FreeRTOS/Source/tasks.c.obj
 .text.prvAddNewTaskToReadyList
                0x08007858       0xa8 CMakeFiles/Lampbot.elf.dir/Middlewares/Third_Party/FreeRTOS/Source/tasks.c.obj
 .text.prvDeleteTCB
                0x08007900       0x40 CMakeFiles/Lampbot.elf.dir/Middlewares/Third_Party/FreeRTOS/Source/tasks.c.obj
 .text.prvCheckTasksWaitingTermination
                0x08007940       0x4c CMakeFiles/Lampbot.elf.dir/Middlewares/Third_Party/FreeRTOS/Source/tasks.c.obj
 .text.prvIdleTask
                0x0800798c       0x28 CMakeFiles/Lampbot.elf.dir/Middlewares/Third_Party/FreeRTOS/Source/tasks.c.obj
 .text.prvAddCurrentTaskToDelayedList
                0x080079b4       0x98 CMakeFiles/Lampbot.elf.dir/Middlewares/Third_Party/FreeRTOS/Source/tasks.c.obj
 .text.xTaskCreateStatic
                0x08007a4c       0x7a CMakeFiles/Lampbot.elf.dir/Middlewares/Third_Party/FreeRTOS/Source/tasks.c.obj
                0x08007a4c                xTaskCreateStatic
 .text.xTaskCreate
                0x08007ac6       0x66 CMakeFiles/Lampbot.elf.dir/Middlewares/Third_Party/FreeRTOS/Source/tasks.c.obj
                0x08007ac6                xTaskCreate
 .text.vTaskStartScheduler
                0x08007b2c       0x84 CMakeFiles/Lampbot.elf.dir/Middlewares/Third_Party/FreeRTOS/Source/tasks.c.obj
                0x08007b2c                vTaskStartScheduler
 .text.vTaskSuspendAll
                0x08007bb0       0x10 CMakeFiles/Lampbot.elf.dir/Middlewares/Third_Party/FreeRTOS/Source/tasks.c.obj
                0x08007bb0                vTaskSuspendAll
 .text.xTaskGetTickCount
                0x08007bc0        0xc CMakeFiles/Lampbot.elf.dir/Middlewares/Third_Party/FreeRTOS/Source/tasks.c.obj
                0x08007bc0                xTaskGetTickCount
 .text.xTaskIncrementTick
                0x08007bcc      0x118 CMakeFiles/Lampbot.elf.dir/Middlewares/Third_Party/FreeRTOS/Source/tasks.c.obj
                0x08007bcc                xTaskIncrementTick
 .text.xTaskResumeAll
                0x08007ce4       0xf8 CMakeFiles/Lampbot.elf.dir/Middlewares/Third_Party/FreeRTOS/Source/tasks.c.obj
                0x08007ce4                xTaskResumeAll
 .text.vTaskDelayUntil
                0x08007ddc       0xa4 CMakeFiles/Lampbot.elf.dir/Middlewares/Third_Party/FreeRTOS/Source/tasks.c.obj
                0x08007ddc                vTaskDelayUntil
 .text.vTaskDelay
                0x08007e80       0x4c CMakeFiles/Lampbot.elf.dir/Middlewares/Third_Party/FreeRTOS/Source/tasks.c.obj
                0x08007e80                vTaskDelay
 .text.vTaskSwitchContext
                0x08007ecc       0xa4 CMakeFiles/Lampbot.elf.dir/Middlewares/Third_Party/FreeRTOS/Source/tasks.c.obj
                0x08007ecc                vTaskSwitchContext
 .text.MX_USB_DEVICE_Init
                0x08007f70       0x54 CMakeFiles/Lampbot.elf.dir/USB_DEVICE/App/usb_device.c.obj
                0x08007f70                MX_USB_DEVICE_Init
 .text.CDC_DeInit_FS
                0x08007fc4        0x4 CMakeFiles/Lampbot.elf.dir/USB_DEVICE/App/usbd_cdc_if.c.obj
 .text.CDC_Control_FS
                0x08007fc8        0x4 CMakeFiles/Lampbot.elf.dir/USB_DEVICE/App/usbd_cdc_if.c.obj
 .text.CDC_TransmitCplt_FS
                0x08007fcc        0x4 CMakeFiles/Lampbot.elf.dir/USB_DEVICE/App/usbd_cdc_if.c.obj
 .text.CDC_Receive_FS
                0x08007fd0       0x24 CMakeFiles/Lampbot.elf.dir/USB_DEVICE/App/usbd_cdc_if.c.obj
 .text.CDC_Init_FS
                0x08007ff4       0x28 CMakeFiles/Lampbot.elf.dir/USB_DEVICE/App/usbd_cdc_if.c.obj
 .text.CDC_Transmit_FS
                0x0800801c       0x40 CMakeFiles/Lampbot.elf.dir/USB_DEVICE/App/usbd_cdc_if.c.obj
                0x0800801c                CDC_Transmit_FS
 .text.USBD_FS_DeviceDescriptor
                0x0800805c        0xc CMakeFiles/Lampbot.elf.dir/USB_DEVICE/App/usbd_desc.c.obj
                0x0800805c                USBD_FS_DeviceDescriptor
 .text.USBD_FS_LangIDStrDescriptor
                0x08008068        0xc CMakeFiles/Lampbot.elf.dir/USB_DEVICE/App/usbd_desc.c.obj
                0x08008068                USBD_FS_LangIDStrDescriptor
 .text.IntToUnicode
                0x08008074       0x46 CMakeFiles/Lampbot.elf.dir/USB_DEVICE/App/usbd_desc.c.obj
 *fill*         0x080080ba        0x2 
 .text.Get_SerialNum
                0x080080bc       0x38 CMakeFiles/Lampbot.elf.dir/USB_DEVICE/App/usbd_desc.c.obj
 .text.USBD_FS_SerialStrDescriptor
                0x080080f4       0x14 CMakeFiles/Lampbot.elf.dir/USB_DEVICE/App/usbd_desc.c.obj
                0x080080f4                USBD_FS_SerialStrDescriptor
 .text.USBD_FS_ProductStrDescriptor
                0x08008108       0x24 CMakeFiles/Lampbot.elf.dir/USB_DEVICE/App/usbd_desc.c.obj
                0x08008108                USBD_FS_ProductStrDescriptor
 .text.USBD_FS_ManufacturerStrDescriptor
                0x0800812c       0x1c CMakeFiles/Lampbot.elf.dir/USB_DEVICE/App/usbd_desc.c.obj
                0x0800812c                USBD_FS_ManufacturerStrDescriptor
 .text.USBD_FS_ConfigStrDescriptor
                0x08008148       0x24 CMakeFiles/Lampbot.elf.dir/USB_DEVICE/App/usbd_desc.c.obj
                0x08008148                USBD_FS_ConfigStrDescriptor
 .text.USBD_FS_InterfaceStrDescriptor
                0x0800816c       0x24 CMakeFiles/Lampbot.elf.dir/USB_DEVICE/App/usbd_desc.c.obj
                0x0800816c                USBD_FS_InterfaceStrDescriptor
 .text.HAL_PCD_MspInit
                0x08008190       0xe8 CMakeFiles/Lampbot.elf.dir/USB_DEVICE/Target/usbd_conf.c.obj
                0x08008190                HAL_PCD_MspInit
 .text.HAL_PCD_SetupStageCallback
                0x08008278       0x10 CMakeFiles/Lampbot.elf.dir/USB_DEVICE/Target/usbd_conf.c.obj
                0x08008278                HAL_PCD_SetupStageCallback
 .text.HAL_PCD_DataOutStageCallback
                0x08008288       0x18 CMakeFiles/Lampbot.elf.dir/USB_DEVICE/Target/usbd_conf.c.obj
                0x08008288                HAL_PCD_DataOutStageCallback
 .text.HAL_PCD_DataInStageCallback
                0x080082a0       0x16 CMakeFiles/Lampbot.elf.dir/USB_DEVICE/Target/usbd_conf.c.obj
                0x080082a0                HAL_PCD_DataInStageCallback
 .text.HAL_PCD_SOFCallback
                0x080082b6        0xc CMakeFiles/Lampbot.elf.dir/USB_DEVICE/Target/usbd_conf.c.obj
                0x080082b6                HAL_PCD_SOFCallback
 .text.HAL_PCD_ResetCallback
                0x080082c2       0x28 CMakeFiles/Lampbot.elf.dir/USB_DEVICE/Target/usbd_conf.c.obj
                0x080082c2                HAL_PCD_ResetCallback
 *fill*         0x080082ea        0x2 
 .text.HAL_PCD_SuspendCallback
                0x080082ec       0x30 CMakeFiles/Lampbot.elf.dir/USB_DEVICE/Target/usbd_conf.c.obj
                0x080082ec                HAL_PCD_SuspendCallback
 .text.HAL_PCD_ResumeCallback
                0x0800831c        0xc CMakeFiles/Lampbot.elf.dir/USB_DEVICE/Target/usbd_conf.c.obj
                0x0800831c                HAL_PCD_ResumeCallback
 .text.HAL_PCD_ISOOUTIncompleteCallback
                0x08008328        0xc CMakeFiles/Lampbot.elf.dir/USB_DEVICE/Target/usbd_conf.c.obj
                0x08008328                HAL_PCD_ISOOUTIncompleteCallback
 .text.HAL_PCD_ISOINIncompleteCallback
                0x08008334        0xc CMakeFiles/Lampbot.elf.dir/USB_DEVICE/Target/usbd_conf.c.obj
                0x08008334                HAL_PCD_ISOINIncompleteCallback
 .text.HAL_PCD_ConnectCallback
                0x08008340        0xc CMakeFiles/Lampbot.elf.dir/USB_DEVICE/Target/usbd_conf.c.obj
                0x08008340                HAL_PCD_ConnectCallback
 .text.HAL_PCD_DisconnectCallback
                0x0800834c        0xc CMakeFiles/Lampbot.elf.dir/USB_DEVICE/Target/usbd_conf.c.obj
                0x0800834c                HAL_PCD_DisconnectCallback
 .text.USBD_LL_Init
                0x08008358       0x68 CMakeFiles/Lampbot.elf.dir/USB_DEVICE/Target/usbd_conf.c.obj
                0x08008358                USBD_LL_Init
 .text.USBD_LL_IsStallEP
                0x080083c0       0x2c CMakeFiles/Lampbot.elf.dir/USB_DEVICE/Target/usbd_conf.c.obj
                0x080083c0                USBD_LL_IsStallEP
 .text.USBD_LL_GetRxDataSize
                0x080083ec        0xc CMakeFiles/Lampbot.elf.dir/USB_DEVICE/Target/usbd_conf.c.obj
                0x080083ec                USBD_LL_GetRxDataSize
 .text.USBD_static_malloc
                0x080083f8        0x8 CMakeFiles/Lampbot.elf.dir/USB_DEVICE/Target/usbd_conf.c.obj
                0x080083f8                USBD_static_malloc
 .text.USBD_static_free
                0x08008400        0x2 CMakeFiles/Lampbot.elf.dir/USB_DEVICE/Target/usbd_conf.c.obj
                0x08008400                USBD_static_free
 .text.USBD_Get_USB_Status
                0x08008402       0x14 CMakeFiles/Lampbot.elf.dir/USB_DEVICE/Target/usbd_conf.c.obj
                0x08008402                USBD_Get_USB_Status
 .text.USBD_LL_Start
                0x08008416       0x10 CMakeFiles/Lampbot.elf.dir/USB_DEVICE/Target/usbd_conf.c.obj
                0x08008416                USBD_LL_Start
 .text.USBD_LL_OpenEP
                0x08008426       0x16 CMakeFiles/Lampbot.elf.dir/USB_DEVICE/Target/usbd_conf.c.obj
                0x08008426                USBD_LL_OpenEP
 .text.USBD_LL_CloseEP
                0x0800843c       0x10 CMakeFiles/Lampbot.elf.dir/USB_DEVICE/Target/usbd_conf.c.obj
                0x0800843c                USBD_LL_CloseEP
 .text.USBD_LL_StallEP
                0x0800844c       0x10 CMakeFiles/Lampbot.elf.dir/USB_DEVICE/Target/usbd_conf.c.obj
                0x0800844c                USBD_LL_StallEP
 .text.USBD_LL_ClearStallEP
                0x0800845c       0x10 CMakeFiles/Lampbot.elf.dir/USB_DEVICE/Target/usbd_conf.c.obj
                0x0800845c                USBD_LL_ClearStallEP
 .text.USBD_LL_SetUSBAddress
                0x0800846c       0x10 CMakeFiles/Lampbot.elf.dir/USB_DEVICE/Target/usbd_conf.c.obj
                0x0800846c                USBD_LL_SetUSBAddress
 .text.USBD_LL_Transmit
                0x0800847c       0x10 CMakeFiles/Lampbot.elf.dir/USB_DEVICE/Target/usbd_conf.c.obj
                0x0800847c                USBD_LL_Transmit
 .text.USBD_LL_PrepareReceive
                0x0800848c       0x10 CMakeFiles/Lampbot.elf.dir/USB_DEVICE/Target/usbd_conf.c.obj
                0x0800848c                USBD_LL_PrepareReceive
 .text._ZN3PID4InitEv
                0x0800849c       0x10 CMakeFiles/Lampbot.elf.dir/User/UserLib/PID.cpp.obj
                0x0800849c                PID::Init()
 .text._ZN3PID6enableEv
                0x080084ac       0x14 CMakeFiles/Lampbot.elf.dir/User/UserLib/PID.cpp.obj
                0x080084ac                PID::enable()
 .text._ZN3PID7disableEv
                0x080084c0       0x10 CMakeFiles/Lampbot.elf.dir/User/UserLib/PID.cpp.obj
                0x080084c0                PID::disable()
 .text._ZN3PID5startEv
                0x080084d0       0x24 CMakeFiles/Lampbot.elf.dir/User/UserLib/PID.cpp.obj
                0x080084d0                PID::start()
 .text._ZN3PID4stopEv
                0x080084f4       0x28 CMakeFiles/Lampbot.elf.dir/User/UserLib/PID.cpp.obj
                0x080084f4                PID::stop()
 .text._ZN3PID10Set_paramsEP12PID_Params_t
                0x0800851c       0x40 CMakeFiles/Lampbot.elf.dir/User/UserLib/PID.cpp.obj
                0x0800851c                PID::Set_params(PID_Params_t*)
 .text._ZN3PID10Set_DFirstE6DFirst
                0x0800855c        0xc CMakeFiles/Lampbot.elf.dir/User/UserLib/PID.cpp.obj
                0x0800855c                PID::Set_DFirst(DFirst)
 .text._Z41__static_initialization_and_destruction_0ii
                0x08008568       0x5c CMakeFiles/Lampbot.elf.dir/User/UserLib/can_base.cpp.obj
 .text._ZN3can10initializeEv
                0x080085c4       0x98 CMakeFiles/Lampbot.elf.dir/User/UserLib/can_base.cpp.obj
                0x080085c4                can::initialize()
 .text._ZN3can6enableEv
                0x0800865c       0x14 CMakeFiles/Lampbot.elf.dir/User/UserLib/can_base.cpp.obj
                0x0800865c                can::enable()
 .text._ZN3can5startEv
                0x08008670       0x22 CMakeFiles/Lampbot.elf.dir/User/UserLib/can_base.cpp.obj
                0x08008670                can::start()
 *fill*         0x08008692        0x2 
 .text._ZN3can7rx_dataEv
                0x08008694       0x58 CMakeFiles/Lampbot.elf.dir/User/UserLib/can_base.cpp.obj
                0x08008694                can::rx_data()
 .text._ZN3can7tx_dataEPhm
                0x080086ec       0x74 CMakeFiles/Lampbot.elf.dir/User/UserLib/can_base.cpp.obj
                0x080086ec                can::tx_data(unsigned char*, unsigned long)
 .text.HAL_CAN_RxFifo1MsgPendingCallback
                0x08008760       0x1c CMakeFiles/Lampbot.elf.dir/User/UserLib/can_base.cpp.obj
                0x08008760                HAL_CAN_RxFifo1MsgPendingCallback
 .text._GLOBAL__sub_I__ZN3can10initializeEv
                0x0800877c        0xe CMakeFiles/Lampbot.elf.dir/User/UserLib/can_base.cpp.obj
 *fill*         0x0800878a        0x2 
 .text.HAL_CAN_RxFifo0MsgPendingCallback
                0x0800878c       0xac CMakeFiles/Lampbot.elf.dir/User/UserLib/can_base.cpp.obj
                0x0800878c                HAL_CAN_RxFifo0MsgPendingCallback
 .text._ZN6dm431010initializeEv
                0x08008838        0x4 CMakeFiles/Lampbot.elf.dir/User/UserLib/dm4310.cpp.obj
                0x08008838                dm4310::initialize()
 .text._ZN6dm43106updateEv
                0x0800883c      0x1c4 CMakeFiles/Lampbot.elf.dir/User/UserLib/dm4310.cpp.obj
                0x0800883c                dm4310::update()
 .text._ZN6dm4310D2Ev
                0x08008a00       0x14 CMakeFiles/Lampbot.elf.dir/User/UserLib/dm4310.cpp.obj
                0x08008a00                dm4310::~dm4310()
                0x08008a00                dm4310::~dm4310()
 .text._ZN6dm43106enableEv
                0x08008a14       0xc8 CMakeFiles/Lampbot.elf.dir/User/UserLib/dm4310.cpp.obj
                0x08008a14                dm4310::enable()
 .text._ZN6dm43107disableEv
                0x08008adc       0xb8 CMakeFiles/Lampbot.elf.dir/User/UserLib/dm4310.cpp.obj
                0x08008adc                dm4310::disable()
 .text._ZN6dm4310D0Ev
                0x08008b94       0x20 CMakeFiles/Lampbot.elf.dir/User/UserLib/dm4310.cpp.obj
                0x08008b94                dm4310::~dm4310()
 .text._ZN5motorC2Ev
                0x08008bb4       0x2c CMakeFiles/Lampbot.elf.dir/User/UserLib/dm4310.cpp.obj
                0x08008bb4                motor::motor()
                0x08008bb4                motor::motor()
 .text._ZN6dm4310C2E7DM_TypehP17CAN_HandleTypeDef11DM_CtrlMode
                0x08008be0      0x13c CMakeFiles/Lampbot.elf.dir/User/UserLib/dm4310.cpp.obj
                0x08008be0                dm4310::dm4310(DM_Type, unsigned char, CAN_HandleTypeDef*, DM_CtrlMode)
                0x08008be0                dm4310::dm4310(DM_Type, unsigned char, CAN_HandleTypeDef*, DM_CtrlMode)
 .text._Z41__static_initialization_and_destruction_0ii
                0x08008d1c       0xb0 CMakeFiles/Lampbot.elf.dir/User/UserLib/dm4310.cpp.obj
 .text._ZN6dm431013Ctrl_MIT_ModeEfffff
                0x08008dcc      0x200 CMakeFiles/Lampbot.elf.dir/User/UserLib/dm4310.cpp.obj
                0x08008dcc                dm4310::Ctrl_MIT_Mode(float, float, float, float, float)
 .text._ZN6dm431023Ctrl_SpeedPosition_ModeEff
                0x08008fcc       0xac CMakeFiles/Lampbot.elf.dir/User/UserLib/dm4310.cpp.obj
                0x08008fcc                dm4310::Ctrl_SpeedPosition_Mode(float, float)
 .text._ZN6dm431014Ctrl_SpeedModeEf
                0x08009078       0xa0 CMakeFiles/Lampbot.elf.dir/User/UserLib/dm4310.cpp.obj
                0x08009078                dm4310::Ctrl_SpeedMode(float)
 .text._ZN6dm43105startEv
                0x08009118       0x80 CMakeFiles/Lampbot.elf.dir/User/UserLib/dm4310.cpp.obj
                0x08009118                dm4310::start()
 .text._ZN6dm43104stopEv
                0x08009198       0x80 CMakeFiles/Lampbot.elf.dir/User/UserLib/dm4310.cpp.obj
                0x08009198                dm4310::stop()
 .text._ZN6dm431013buffer_updateEPhm
                0x08009218       0x44 CMakeFiles/Lampbot.elf.dir/User/UserLib/dm4310.cpp.obj
                0x08009218                dm4310::buffer_update(unsigned char*, unsigned long)
 .text._Z14Math_ConstrainIfEvRT_S0_S0_
                0x0800925c       0x24 CMakeFiles/Lampbot.elf.dir/User/UserLib/dm4310.cpp.obj
                0x0800925c                void Math_Constrain<float>(float&, float, float)
 .text._GLOBAL__sub_I__ZN6dm431010initializeEv
                0x08009280        0xe CMakeFiles/Lampbot.elf.dir/User/UserLib/dm4310.cpp.obj
 *fill*         0x0800928e        0x2 
 .text._Z41__static_initialization_and_destruction_0ii
                0x08009290       0x28 CMakeFiles/Lampbot.elf.dir/User/UserLib/light.cpp.obj
 .text._ZN5light10initializeEv
                0x080092b8        0x8 CMakeFiles/Lampbot.elf.dir/User/UserLib/light.cpp.obj
                0x080092b8                light::initialize()
 .text._ZN5light4ctrlEtt
                0x080092c0       0x58 CMakeFiles/Lampbot.elf.dir/User/UserLib/light.cpp.obj
                0x080092c0                light::ctrl(unsigned short, unsigned short)
 .text._ZN5light6enableEv
                0x08009318       0x20 CMakeFiles/Lampbot.elf.dir/User/UserLib/light.cpp.obj
                0x08009318                light::enable()
 .text._ZN5light5startEv
                0x08009338       0x24 CMakeFiles/Lampbot.elf.dir/User/UserLib/light.cpp.obj
                0x08009338                light::start()
 .text._GLOBAL__sub_I__ZN5light10initializeEv
                0x0800935c        0xe CMakeFiles/Lampbot.elf.dir/User/UserLib/light.cpp.obj
 .text._ZN5m200610initializeEv
                0x0800936a        0x4 CMakeFiles/Lampbot.elf.dir/User/UserLib/m2006.cpp.obj
                0x0800936a                m2006::initialize()
 .text._ZN11m2006_group16check_initializeEv
                0x0800936e       0x38 CMakeFiles/Lampbot.elf.dir/User/UserLib/m2006.cpp.obj
                0x0800936e                m2006_group::check_initialize()
 .text._ZN11m2006_group12check_enableEv
                0x080093a6       0x38 CMakeFiles/Lampbot.elf.dir/User/UserLib/m2006.cpp.obj
                0x080093a6                m2006_group::check_enable()
 .text._ZN11m2006_group11check_startEv
                0x080093de       0x38 CMakeFiles/Lampbot.elf.dir/User/UserLib/m2006.cpp.obj
                0x080093de                m2006_group::check_start()
 *fill*         0x08009416        0x2 
 .text._ZN11m2006_groupD2Ev
                0x08009418       0x14 CMakeFiles/Lampbot.elf.dir/User/UserLib/m2006.cpp.obj
                0x08009418                m2006_group::~m2006_group()
                0x08009418                m2006_group::~m2006_group()
 .text._ZN5m2006D2Ev
                0x0800942c       0x14 CMakeFiles/Lampbot.elf.dir/User/UserLib/m2006.cpp.obj
                0x0800942c                m2006::~m2006()
                0x0800942c                m2006::~m2006()
 .text._ZN5m20066enableEv
                0x08009440       0x2a CMakeFiles/Lampbot.elf.dir/User/UserLib/m2006.cpp.obj
                0x08009440                m2006::enable()
 .text._ZN5m20067disableEv
                0x0800946a       0x2e CMakeFiles/Lampbot.elf.dir/User/UserLib/m2006.cpp.obj
                0x0800946a                m2006::disable()
 .text._ZN5m20065startEv
                0x08009498       0x32 CMakeFiles/Lampbot.elf.dir/User/UserLib/m2006.cpp.obj
                0x08009498                m2006::start()
 .text._ZN5m20064stopEv
                0x080094ca       0x34 CMakeFiles/Lampbot.elf.dir/User/UserLib/m2006.cpp.obj
                0x080094ca                m2006::stop()
 *fill*         0x080094fe        0x2 
 .text._ZN11m2006_group12ctrl_currentEv
                0x08009500      0x138 CMakeFiles/Lampbot.elf.dir/User/UserLib/m2006.cpp.obj
                0x08009500                m2006_group::ctrl_current()
 .text._ZN5m2006D0Ev
                0x08009638       0x20 CMakeFiles/Lampbot.elf.dir/User/UserLib/m2006.cpp.obj
                0x08009638                m2006::~m2006()
 .text._ZN11m2006_groupD0Ev
                0x08009658       0x20 CMakeFiles/Lampbot.elf.dir/User/UserLib/m2006.cpp.obj
                0x08009658                m2006_group::~m2006_group()
 .text._ZN5m2006C2EhP17CAN_HandleTypeDef
                0x08009678      0x12c CMakeFiles/Lampbot.elf.dir/User/UserLib/m2006.cpp.obj
                0x08009678                m2006::m2006(unsigned char, CAN_HandleTypeDef*)
                0x08009678                m2006::m2006(unsigned char, CAN_HandleTypeDef*)
 .text._Z41__static_initialization_and_destruction_0ii
                0x080097a4       0x80 CMakeFiles/Lampbot.elf.dir/User/UserLib/m2006.cpp.obj
 .text._ZN5m200613buffer_updateEPhm
                0x08009824       0x44 CMakeFiles/Lampbot.elf.dir/User/UserLib/m2006.cpp.obj
                0x08009824                m2006::buffer_update(unsigned char*, unsigned long)
 .text._ZN11m2006_group13buffer_updateEPhm
                0x08009868       0xac CMakeFiles/Lampbot.elf.dir/User/UserLib/m2006.cpp.obj
                0x08009868                m2006_group::buffer_update(unsigned char*, unsigned long)
 .text._ZN5m200610angle_calcEv
                0x08009914       0x84 CMakeFiles/Lampbot.elf.dir/User/UserLib/m2006.cpp.obj
                0x08009914                m2006::angle_calc()
 .text._ZN5m20066updateEv
                0x08009998       0x9c CMakeFiles/Lampbot.elf.dir/User/UserLib/m2006.cpp.obj
                0x08009998                m2006::update()
 .text._ZN11m2006_group6updateEv
                0x08009a34       0x30 CMakeFiles/Lampbot.elf.dir/User/UserLib/m2006.cpp.obj
                0x08009a34                m2006_group::update()
 .text._ZN5m200612Ctrl_currentEf
                0x08009a64       0xa8 CMakeFiles/Lampbot.elf.dir/User/UserLib/m2006.cpp.obj
                0x08009a64                m2006::Ctrl_current(float)
 .text._ZN5m200610Reset_ZeroEv
                0x08009b0c      0x108 CMakeFiles/Lampbot.elf.dir/User/UserLib/m2006.cpp.obj
                0x08009b0c                m2006::Reset_Zero()
 .text._ZN5m200610initializeEP12PID_Params_tS1_
                0x08009c14       0x60 CMakeFiles/Lampbot.elf.dir/User/UserLib/m2006.cpp.obj
                0x08009c14                m2006::initialize(PID_Params_t*, PID_Params_t*)
 .text._GLOBAL__sub_I__ZN5m200610initializeEv
                0x08009c74        0xe CMakeFiles/Lampbot.elf.dir/User/UserLib/m2006.cpp.obj
 *fill*         0x08009c82        0x2 
 .text.HAL_UARTEx_RxEventCallback
                0x08009c84       0x38 CMakeFiles/Lampbot.elf.dir/User/UserLib/uart_base.cpp.obj
                0x08009c84                HAL_UARTEx_RxEventCallback
 .text._ZN11remote_dr1610initializeEP20__UART_HandleTypeDef
                0x08009cbc       0x12 CMakeFiles/Lampbot.elf.dir/User/UserLib/uart_remote.cpp.obj
                0x08009cbc                remote_dr16::initialize(__UART_HandleTypeDef*)
 .text._ZN11remote_dr164stopEv
                0x08009cce        0x4 CMakeFiles/Lampbot.elf.dir/User/UserLib/uart_remote.cpp.obj
                0x08009cce                remote_dr16::stop()
 .text._ZN11remote_dr1611encode_dataEv
                0x08009cd2        0xa CMakeFiles/Lampbot.elf.dir/User/UserLib/uart_remote.cpp.obj
                0x08009cd2                remote_dr16::encode_data()
 .text._ZN11remote_dr167rx_dataEv
                0x08009cdc        0xa CMakeFiles/Lampbot.elf.dir/User/UserLib/uart_remote.cpp.obj
                0x08009cdc                remote_dr16::rx_data()
 .text._ZN11remote_dr167tx_dataEv
                0x08009ce6        0xa CMakeFiles/Lampbot.elf.dir/User/UserLib/uart_remote.cpp.obj
                0x08009ce6                remote_dr16::tx_data()
 .text._ZN11remote_dr1611decode_dataEv
                0x08009cf0       0xb2 CMakeFiles/Lampbot.elf.dir/User/UserLib/uart_remote.cpp.obj
                0x08009cf0                remote_dr16::decode_data()
 *fill*         0x08009da2        0x2 
 .text._ZN11remote_dr16D2Ev
                0x08009da4       0x14 CMakeFiles/Lampbot.elf.dir/User/UserLib/uart_remote.cpp.obj
                0x08009da4                remote_dr16::~remote_dr16()
                0x08009da4                remote_dr16::~remote_dr16()
 .text._ZN11remote_dr165startEv
                0x08009db8       0x1e CMakeFiles/Lampbot.elf.dir/User/UserLib/uart_remote.cpp.obj
                0x08009db8                remote_dr16::start()
 *fill*         0x08009dd6        0x2 
 .text._ZN11remote_dr16D0Ev
                0x08009dd8       0x20 CMakeFiles/Lampbot.elf.dir/User/UserLib/uart_remote.cpp.obj
                0x08009dd8                remote_dr16::~remote_dr16()
 .text._Z41__static_initialization_and_destruction_0ii
                0x08009df8       0x2c CMakeFiles/Lampbot.elf.dir/User/UserLib/uart_remote.cpp.obj
 .text._ZN11remote_dr1613get_rx_bufferEv
                0x08009e24       0x14 CMakeFiles/Lampbot.elf.dir/User/UserLib/uart_remote.cpp.obj
                0x08009e24                remote_dr16::get_rx_buffer()
 .text._ZN11remote_dr1618get_rx_buffer_sizeEv
                0x08009e38       0x14 CMakeFiles/Lampbot.elf.dir/User/UserLib/uart_remote.cpp.obj
                0x08009e38                remote_dr16::get_rx_buffer_size()
 .text._GLOBAL__sub_I__ZN11remote_dr1610initializeEP20__UART_HandleTypeDef
                0x08009e4c        0xe CMakeFiles/Lampbot.elf.dir/User/UserLib/uart_remote.cpp.obj
 .text._ZN3usb10initializeEv
                0x08009e5a       0x10 CMakeFiles/Lampbot.elf.dir/User/UserLib/usb.cpp.obj
                0x08009e5a                usb::initialize()
 .text._ZN3usb6enableEv
                0x08009e6a       0x14 CMakeFiles/Lampbot.elf.dir/User/UserLib/usb.cpp.obj
                0x08009e6a                usb::enable()
 .text._ZN3usb5startEv
                0x08009e7e       0x18 CMakeFiles/Lampbot.elf.dir/User/UserLib/usb.cpp.obj
                0x08009e7e                usb::start()
 .text._ZN3usb7rx_dataEPhm
                0x08009e96       0x3a CMakeFiles/Lampbot.elf.dir/User/UserLib/usb.cpp.obj
                0x08009e96                usb::rx_data(unsigned char*, unsigned long)
 .text._ZN3usb6tx_MsgEff
                0x08009ed0       0xee CMakeFiles/Lampbot.elf.dir/User/UserLib/usb.cpp.obj
                0x08009ed0                usb::tx_Msg(float, float)
 .text._ZN3usb6rx_MsgEv
                0x08009fbe       0x72 CMakeFiles/Lampbot.elf.dir/User/UserLib/usb.cpp.obj
                0x08009fbe                usb::rx_Msg()
 .text.USBData_GetData
                0x0800a030       0x14 CMakeFiles/Lampbot.elf.dir/User/UserLib/usb.cpp.obj
                0x0800a030                USBData_GetData
 .text.AppTask_Debug
                0x0800a044       0x68 CMakeFiles/Lampbot.elf.dir/User/UserTask/task_debug.cpp.obj
                0x0800a044                AppTask_Debug
 .text.AppTask_M2006
                0x0800a0ac       0x9c CMakeFiles/Lampbot.elf.dir/User/UserTask/task_m2006.cpp.obj
                0x0800a0ac                AppTask_M2006
 .text.AppTask_Motor
                0x0800a148       0x14 CMakeFiles/Lampbot.elf.dir/User/UserTask/task_motor.cpp.obj
                0x0800a148                AppTask_Motor
 *fill*         0x0800a15c        0x4 
 .text.AppTask_USB
                0x0800a160       0xc0 CMakeFiles/Lampbot.elf.dir/User/UserTask/task_usb.cpp.obj
                0x0800a160                AppTask_USB
 .text.__aeabi_atexit
                0x0800a220        0xc D:/Program Files/STM32CubeCLT_1.17.0/GNU-tools-for-STM32/bin/../lib/gcc/arm-none-eabi/12.3.1/../../../../arm-none-eabi/lib/thumb/v7e-m+fp/hard\libstdc++.a(atexit_arm.o)
                0x0800a220                __aeabi_atexit
 .text._ZNK10__cxxabiv117__class_type_info11__do_upcastEPKS0_PPv
                0x0800a22c       0x34 D:/Program Files/STM32CubeCLT_1.17.0/GNU-tools-for-STM32/bin/../lib/gcc/arm-none-eabi/12.3.1/../../../../arm-none-eabi/lib/thumb/v7e-m+fp/hard\libstdc++.a(class_type_info.o)
                0x0800a22c                __cxxabiv1::__class_type_info::__do_upcast(__cxxabiv1::__class_type_info const*, void**) const